<html>
<body>
<pre>
<h1>µVision Build Log</h1>
<h2>Tool Versions:</h2>
IDE-Version: ¦ÌVision V5.38.0.0
Copyright (C) 2022 ARM Ltd and ARM Germany GmbH. All rights reserved.
License Information: alpha  beta, UPC, LIC=GMZI6-DUAJ7-TG57T-R8PRL-6QJ6N-7D0A7
 
Tool Versions:
Toolchain:       MDK-ARM Plus  Version: 5.38.0.0
Toolchain Path:  D:\Software\keil5\ARM\ARM_Compiler_5.06u7\Bin
C Compiler:      Armcc.exe V5.06 update 7 (build 960)
Assembler:       Armasm.exe V5.06 update 7 (build 960)
Linker/Locator:  ArmLink.exe V5.06 update 7 (build 960)
Library Manager: ArmAr.exe V5.06 update 7 (build 960)
Hex Converter:   FromElf.exe V5.06 update 7 (build 960)
CPU DLL:         SARMCM3.DLL V5.38.0.0
Dialog DLL:      DCM.DLL V1.17.5.0
Target DLL:      CMSIS_AGDI.dll V1.33.15.0
Dialog DLL:      TCM.DLL V1.56.4.0
 
<h2>Project:</h2>
D:\study\my_diy\USB_DAQ\template_LL\MDK-ARM\template_LL.uvprojx
Project File Date:  07/22/2023

<h2>Output:</h2>
*** Using Compiler 'V5.06 update 7 (build 960)', folder: 'D:\Software\keil5\ARM\ARM_Compiler_5.06u7\Bin'
Rebuild target 'template_LL'
assembling startup_stm32h750xx.s...
compiling adc.c...
compiling Led.c...
compiling DMA_ADC_TIM.c...
compiling tim.c...
compiling gpio.c...
compiling usbd_conf.c...
compiling Exti_Key.c...
compiling usart.c...
compiling Usart1.c...
compiling main.c...
compiling dma.c...
compiling usbd_desc.c...
compiling Usb.c...
compiling usb_device.c...
compiling stm32h7xx_hal_pcd.c...
compiling system_stm32h7xx.c...
compiling stm32h7xx_hal_pcd_ex.c...
compiling stm32h7xx_hal_flash.c...
compiling stm32h7xx_ll_exti.c...
compiling stm32h7xx_ll_usb.c...
compiling stm32h7xx_ll_gpio.c...
compiling stm32h7xx_hal_rcc_ex.c...
compiling stm32h7xx_hal_rcc.c...
compiling stm32h7xx_ll_rcc.c...
compiling stm32h7xx_ll_utils.c...
compiling stm32h7xx_hal_mdma.c...
compiling stm32h7xx_hal_cortex.c...
compiling stm32h7xx_hal_hsem.c...
compiling stm32h7xx_hal_flash_ex.c...
compiling stm32h7xx_hal_gpio.c...
compiling stm32h7xx_hal_pwr.c...
compiling stm32h7xx_hal.c...
compiling stm32h7xx_hal_pwr_ex.c...
compiling usbd_cdc_if.c...
compiling stm32h7xx_hal_dma_ex.c...
compiling stm32h7xx_hal_i2c.c...
compiling stm32h7xx_it.c...
compiling stm32h7xx_hal_msp.c...
compiling stm32h7xx_hal_dma.c...
compiling stm32h7xx_hal_tim.c...
compiling stm32h7xx_hal_tim_ex.c...
compiling stm32h7xx_hal_i2c_ex.c...
compiling stm32h7xx_hal_exti.c...
compiling stm32h7xx_ll_tim.c...
compiling stm32h7xx_ll_dma.c...
compiling stm32h7xx_ll_adc.c...
compiling stm32h7xx_ll_usart.c...
compiling usbd_ctlreq.c...
compiling usbd_ioreq.c...
compiling usbd_cdc.c...
compiling usbd_core.c...
linking...
Program Size: Code=29564 RO-data=984 RW-data=276 ZI-data=10548  
FromELF: creating hex file...
"template_HAL\template_LL.axf" - 0 Error(s), 0 Warning(s).

<h2>Software Packages used:</h2>

Package Vendor: ARM
                http://www.keil.com/pack/ARM.CMSIS.5.9.0.pack
                ARM.CMSIS.5.9.0
                CMSIS (Common Microcontroller Software Interface Standard)
   * Component: CORE Version: 5.6.0

Package Vendor: Keil
                https://www.keil.com/pack/Keil.STM32H7xx_DFP.3.1.0.pack
                Keil.STM32H7xx_DFP.3.1.0
                STMicroelectronics STM32H7 Series Device Support and Examples

<h2>Collection of Component include folders:</h2>
  ./RTE/_template_LL
  D:/Software/keil5/Pack/ARM/CMSIS/5.9.0/CMSIS/Core/Include
  D:/Software/keil5/Pack/Keil/STM32H7xx_DFP/3.1.0/Drivers/CMSIS/Device/ST/STM32H7xx/Include

<h2>Collection of Component Files used:</h2>

   * Component: ARM::CMSIS:CORE:5.6.0
      Include file:  CMSIS/Core/Include/tz_context.h
Build Time Elapsed:  00:01:27
</pre>
</body>
</html>
