Component: ARM Compiler 5.06 update 7 (build 960) Tool: armlink [4d3601]

==============================================================================

Section Cross References

    startup_stm32h750xx.o(STACK) refers (Special) to heapauxi.o(.text) for __use_two_region_memory
    startup_stm32h750xx.o(HEAP) refers (Special) to heapauxi.o(.text) for __use_two_region_memory
    startup_stm32h750xx.o(RESET) refers (Special) to heapauxi.o(.text) for __use_two_region_memory
    startup_stm32h750xx.o(RESET) refers to startup_stm32h750xx.o(STACK) for __initial_sp
    startup_stm32h750xx.o(RESET) refers to startup_stm32h750xx.o(.text) for Reset_Handler
    startup_stm32h750xx.o(RESET) refers to stm32h7xx_it.o(i.NMI_Handler) for NMI_Handler
    startup_stm32h750xx.o(RESET) refers to stm32h7xx_it.o(i.HardFault_Handler) for HardFault_Handler
    startup_stm32h750xx.o(RESET) refers to stm32h7xx_it.o(i.MemManage_Handler) for MemManage_Handler
    startup_stm32h750xx.o(RESET) refers to stm32h7xx_it.o(i.BusFault_Handler) for BusFault_Handler
    startup_stm32h750xx.o(RESET) refers to stm32h7xx_it.o(i.UsageFault_Handler) for UsageFault_Handler
    startup_stm32h750xx.o(RESET) refers to stm32h7xx_it.o(i.SVC_Handler) for SVC_Handler
    startup_stm32h750xx.o(RESET) refers to stm32h7xx_it.o(i.DebugMon_Handler) for DebugMon_Handler
    startup_stm32h750xx.o(RESET) refers to stm32h7xx_it.o(i.PendSV_Handler) for PendSV_Handler
    startup_stm32h750xx.o(RESET) refers to stm32h7xx_it.o(i.SysTick_Handler) for SysTick_Handler
    startup_stm32h750xx.o(RESET) refers to stm32h7xx_it.o(i.DMA1_Stream0_IRQHandler) for DMA1_Stream0_IRQHandler
    startup_stm32h750xx.o(RESET) refers to stm32h7xx_it.o(i.TIM2_IRQHandler) for TIM2_IRQHandler
    startup_stm32h750xx.o(RESET) refers to stm32h7xx_it.o(i.USART1_IRQHandler) for USART1_IRQHandler
    startup_stm32h750xx.o(RESET) refers to stm32h7xx_it.o(i.EXTI15_10_IRQHandler) for EXTI15_10_IRQHandler
    startup_stm32h750xx.o(RESET) refers to stm32h7xx_it.o(i.OTG_HS_IRQHandler) for OTG_HS_IRQHandler
    startup_stm32h750xx.o(.text) refers (Special) to heapauxi.o(.text) for __use_two_region_memory
    startup_stm32h750xx.o(.text) refers to system_stm32h7xx.o(i.SystemInit) for SystemInit
    startup_stm32h750xx.o(.text) refers to __main.o(!!!main) for __main
    startup_stm32h750xx.o(.text) refers to startup_stm32h750xx.o(HEAP) for Heap_Mem
    startup_stm32h750xx.o(.text) refers to startup_stm32h750xx.o(STACK) for Stack_Mem
    usart1.o(i.USART_Printf) refers to usart1.o(i.LL_USART_IsActiveFlag_TC) for LL_USART_IsActiveFlag_TC
    usart1.o(i.USART_Printf) refers to usart1.o(i.LL_USART_TransmitData8) for LL_USART_TransmitData8
    usart1.o(i.USART_Read_Newest_Byte) refers to usart1.o(.data) for USART1_Data_Recv_Num
    usart1.o(i.USART_Read_Newest_Byte) refers to usart1.o(.bss) for USART1_Data_Recv
    usart1.o(i.USART_Recv_DataArray_Clear) refers to usart1.o(.bss) for USART1_Data_Recv
    usart1.o(i.USART_Recv_DataArray_Clear) refers to usart1.o(.data) for USART1_Data_Recv_Num
    usart1.o(i.USART_SendByte) refers to usart1.o(i.LL_USART_IsActiveFlag_TC) for LL_USART_IsActiveFlag_TC
    usart1.o(i.USART_SendByte) refers to usart1.o(i.LL_USART_TransmitData8) for LL_USART_TransmitData8
    usart1.o(i.USART_SendBytes) refers to usart1.o(i.USART_SendByte) for USART_SendByte
    usart1.o(i.USART_Send_Nbit_Data) refers to usart1.o(i.USART_SendByte) for USART_SendByte
    usb.o(i.VCP_DataRx) refers to usbd_cdc_if.o(i.CDC_Transmit_HS) for CDC_Transmit_HS
    usb.o(i.usb_printf) refers to vsprintf.o(.text) for vsprintf
    usb.o(i.usb_printf) refers to strlen.o(.text) for strlen
    usb.o(i.usb_printf) refers to usbd_cdc_if.o(i.CDC_Transmit_HS) for CDC_Transmit_HS
    usb.o(i.usb_printf) refers to usbd_cdc_if.o(.bss) for UserTxBufferHS
    usb.o(i.usb_sendBytes) refers to usbd_cdc_if.o(i.CDC_Transmit_HS) for CDC_Transmit_HS
    usb.o(i.usb_sendBytes_Transpeed) refers to aeabi_memset.o(.text) for __aeabi_memset
    usb.o(i.usb_sendBytes_Transpeed) refers to usbd_cdc_if.o(i.CDC_Transmit_HS) for CDC_Transmit_HS
    usb.o(i.usb_sendBytes_Transpeed) refers to usbd_cdc_if.o(.bss) for UserTxBufferHS
    usb.o(i.usb_sendHalfwords) refers to usbd_cdc_if.o(i.CDC_Transmit_HS) for CDC_Transmit_HS
    usb.o(i.usb_sendHalfwords_Direct) refers to usbd_cdc_if.o(i.CDC_Transmit_HS) for CDC_Transmit_HS
    usb.o(i.usb_sendWords) refers to usbd_cdc_if.o(i.CDC_Transmit_HS) for CDC_Transmit_HS
    dma_adc_tim.o(i.DMA_ADC_TIM_Disable) refers to dma_adc_tim.o(i.LL_TIM_DisableCounter) for LL_TIM_DisableCounter
    dma_adc_tim.o(i.DMA_ADC_TIM_Disable) refers to dma_adc_tim.o(.constdata) for LL_DMA_STR_OFFSET_TAB
    dma_adc_tim.o(i.DMA_ADC_TIM_Enable) refers to dma_adc_tim.o(.data) for DMA_ADC_Enable_Flag
    dma_adc_tim.o(i.DMA_ADC_TIM_Enable) refers to dma_adc_tim.o(.constdata) for LL_DMA_STR_OFFSET_TAB
    dma_adc_tim.o(i.DMA_ADC_TIM_Init) refers to dma_adc_tim.o(i.LL_TIM_DisableCounter) for LL_TIM_DisableCounter
[...]
    CDCOutEpAdd                              0x24000110   Data           1  usbd_cdc.o(.data)
    CDCCmdEpAdd                              0x24000111   Data           1  usbd_cdc.o(.data)
    .bss                                     0x24000114   Section      200  usart1.o(.bss)
    .bss                                     0x240001dc   Section     1024  dma_adc_tim.o(.bss)
    .bss                                     0x240005dc   Section      732  usb_device.o(.bss)
    .bss                                     0x240008b8   Section     1836  usbd_conf.o(.bss)
    mem                                      0x24000dc4   Data         544  usbd_conf.o(.bss)
    .bss                                     0x24000fe4   Section      512  usbd_desc.o(.bss)
    .bss                                     0x240011e4   Section     4096  usbd_cdc_if.o(.bss)
    .bss                                     0x240021e4   Section       96  libspace.o(.bss)
    HEAP                                     0x24002248   Section     1024  startup_stm32h750xx.o(HEAP)
    Heap_Mem                                 0x24002248   Data        1024  startup_stm32h750xx.o(HEAP)
    STACK                                    0x24002648   Section     1024  startup_stm32h750xx.o(STACK)
    Stack_Mem                                0x24002648   Data        1024  startup_stm32h750xx.o(STACK)
    __initial_sp                             0x24002a48   Data           0  startup_stm32h750xx.o(STACK)

    Global Symbols

    Symbol Name                              Value     Ov Type        Size  Object(Section)

    BuildAttributes$$THM_ISAv4$E$P$D$K$B$S$7EM$VFPv5_D16$PE$PLD8$A:L22UL41UL21$X:L11$S22US41US21$IEEE1$IW$USESV6$~STKCKD$USESV7$~SHL$OTIME$ROPI$IEEEJ$EBA8$UX$STANDARDLIB$REQ8$PRES8$EABIv2 0x00000000   Number         0  anon$$obj.o ABSOLUTE
    __ARM_use_no_argv                        0x00000000   Number         0  main.o ABSOLUTE
    _printf_flags                            0x00000000   Number         0  printf_stubs.o ABSOLUTE
    _printf_return_value                     0x00000000   Number         0  printf_stubs.o ABSOLUTE
    _printf_sizespec                         0x00000000   Number         0  printf_stubs.o ABSOLUTE
    _printf_widthprec                        0x00000000   Number         0  printf_stubs.o ABSOLUTE
    __ARM_exceptions_init                     - Undefined Weak Reference
    __alloca_initialize                       - Undefined Weak Reference
    __arm_fini_                               - Undefined Weak Reference
    __arm_preinit_                            - Undefined Weak Reference
    __cpp_initialize__aeabi_                  - Undefined Weak Reference
    __cxa_finalize                            - Undefined Weak Reference
    __sigvec_lookup                           - Undefined Weak Reference
    _atexit_init                              - Undefined Weak Reference
    _call_atexit_fns                          - Undefined Weak Reference
    _clock_init                               - Undefined Weak Reference
    _fp_trap_init                             - Undefined Weak Reference
    _fp_trap_shutdown                         - Undefined Weak Reference
    _get_lc_collate                           - Undefined Weak Reference
    _get_lc_monetary                          - Undefined Weak Reference
    _get_lc_time                              - Undefined Weak Reference
    _getenv_init                              - Undefined Weak Reference
    _handle_redirection                       - Undefined Weak Reference
    _init_alloc                               - Undefined Weak Reference
    _init_user_alloc                          - Undefined Weak Reference
    _initio                                   - Undefined Weak Reference
    _printf_mbtowc                            - Undefined Weak Reference
    _printf_wc                                - Undefined Weak Reference
    _rand_init                                - Undefined Weak Reference
    _signal_finish                            - Undefined Weak Reference
    _signal_init                              - Undefined Weak Reference
    _terminate_alloc                          - Undefined Weak Reference
    _terminate_user_alloc                     - Undefined Weak Reference
    _terminateio                              - Undefined Weak Reference
    __Vectors_Size                           0x00000298   Number         0  startup_stm32h750xx.o ABSOLUTE
    __Vectors                                0x08000000   Data           4  startup_stm32h750xx.o(RESET)
    __Vectors_End                            0x08000298   Data           0  startup_stm32h750xx.o(RESET)
    __main                                   0x08000299   Thumb Code     8  __main.o(!!!main)
    __scatterload                            0x080002a1   Thumb Code     0  __scatter.o(!!!scatter)
    __scatterload_rt2                        0x080002a1   Thumb Code    44  __scatter.o(!!!scatter)
    __scatterload_rt2_thumb_only             0x080002a1   Thumb Code     0  __scatter.o(!!!scatter)
    __scatterload_null                       0x080002af   Thumb Code     0  __scatter.o(!!!scatter)
    __scatterload_copy                       0x080002d5   Thumb Code    26  __scatter_copy.o(!!handler_copy)
    __scatterload_zeroinit                   0x080002f1   Thumb Code    28  __scatter_zi.o(!!handler_zi)
    __rt_lib_init                            0x0800030d   Thumb Code     0  libinit.o(.ARM.Collect$$libinit$$00000000)
    __rt_lib_init_fp_1                       0x0800030f   Thumb Code     0  libinit2.o(.ARM.Collect$$libinit$$00000001)
    __rt_lib_init_alloca_1                   0x08000313   Thumb Code     0  libinit2.o(.ARM.Collect$$libinit$$0000002E)
    __rt_lib_init_argv_1                     0x08000313   Thumb Code     0  libinit2.o(.ARM.Collect$$libinit$$0000002C)
    __rt_lib_init_atexit_1                   0x08000313   Thumb Code     0  libinit2.o(.ARM.Collect$$libinit$$0000001B)
    __rt_lib_init_clock_1                    0x08000313   Thumb Code     0  libinit2.o(.ARM.Collect$$libinit$$00000021)
    __rt_lib_init_cpp_1                      0x08000313   Thumb Code     0  libinit2.o(.ARM.Collect$$libinit$$00000032)
    __rt_lib_init_exceptions_1               0x08000313   Thumb Code     0  libinit2.o(.ARM.Collect$$libinit$$00000030)
    __rt_lib_init_fp_trap_1                  0x08000313   Thumb Code     0  libinit2.o(.ARM.Collect$$libinit$$0000001F)
    __rt_lib_init_getenv_1                   0x08000313   Thumb Code     0  libinit2.o(.ARM.Collect$$libinit$$00000023)
    __rt_lib_init_heap_1                     0x08000313   Thumb Code     0  libinit2.o(.ARM.Collect$$libinit$$0000000A)
    __rt_lib_init_lc_collate_1               0x08000313   Thumb Code     0  libinit2.o(.ARM.Collect$$libinit$$00000011)
    __rt_lib_init_lc_ctype_1                 0x08000313   Thumb Code     0  libinit2.o(.ARM.Collect$$libinit$$00000013)
    __rt_lib_init_lc_monetary_1              0x08000313   Thumb Code     0  libinit2.o(.ARM.Collect$$libinit$$00000015)
    __rt_lib_init_lc_numeric_1               0x08000313   Thumb Code     0  libinit2.o(.ARM.Collect$$libinit$$00000017)
    __rt_lib_init_lc_time_1                  0x08000313   Thumb Code     0  libinit2.o(.ARM.Collect$$libinit$$00000019)
    __rt_lib_init_preinit_1                  0x08000313   Thumb Code     0  libinit2.o(.ARM.Collect$$libinit$$00000004)
    __rt_lib_init_rand_1                     0x08000313   Thumb Code     0  libinit2.o(.ARM.Collect$$libinit$$0000000E)
    __rt_lib_init_return                     0x08000313   Thumb Code     0  libinit2.o(.ARM.Collect$$libinit$$00000033)
    __rt_lib_init_signal_1                   0x08000313   Thumb Code     0  libinit2.o(.ARM.Collect$$libinit$$0000001D)
    __rt_lib_init_stdio_1                    0x08000313   Thumb Code     0  libinit2.o(.ARM.Collect$$libinit$$00000025)
    __rt_lib_init_user_alloc_1               0x08000313   Thumb Code     0  libinit2.o(.ARM.Collect$$libinit$$0000000C)
    __rt_lib_shutdown                        0x08000315   Thumb Code     0  libshutdown.o(.ARM.Collect$$libshutdown$$00000000)
    __rt_lib_shutdown_cpp_1                  0x08000317   Thumb Code     0  libshutdown2.o(.ARM.Collect$$libshutdown$$00000004)
    __rt_lib_shutdown_fini_1                 0x08000317   Thumb Code     0  libshutdown2.o(.ARM.Collect$$libshutdown$$00000002)
    __rt_lib_shutdown_fp_trap_1              0x08000317   Thumb Code     0  libshutdown2.o(.ARM.Collect$$libshutdown$$00000009)
    __rt_lib_shutdown_heap_1                 0x08000317   Thumb Code     0  libshutdown2.o(.ARM.Collect$$libshutdown$$00000011)
    __rt_lib_shutdown_return                 0x08000317   Thumb Code     0  libshutdown2.o(.ARM.Collect$$libshutdown$$00000012)
    __rt_lib_shutdown_signal_1               0x08000317   Thumb Code     0  libshutdown2.o(.ARM.Collect$$libshutdown$$0000000C)
    __rt_lib_shutdown_stdio_1                0x08000317   Thumb Code     0  libshutdown2.o(.ARM.Collect$$libshutdown$$00000006)
    __rt_lib_shutdown_user_alloc_1           0x08000317   Thumb Code     0  libshutdown2.o(.ARM.Collect$$libshutdown$$0000000E)
    __rt_entry                               0x08000319   Thumb Code     0  __rtentry.o(.ARM.Collect$$rtentry$$00000000)
    __rt_entry_presh_1                       0x08000319   Thumb Code     0  __rtentry2.o(.ARM.Collect$$rtentry$$00000002)
    __rt_entry_sh                            0x08000319   Thumb Code     0  __rtentry4.o(.ARM.Collect$$rtentry$$00000004)
    __rt_entry_li                            0x0800031f   Thumb Code     0  __rtentry2.o(.ARM.Collect$$rtentry$$0000000A)
    __rt_entry_postsh_1                      0x0800031f   Thumb Code     0  __rtentry2.o(.ARM.Collect$$rtentry$$00000009)
    __rt_entry_main                          0x08000323   Thumb Code     0  __rtentry2.o(.ARM.Collect$$rtentry$$0000000D)
    __rt_entry_postli_1                      0x08000323   Thumb Code     0  __rtentry2.o(.ARM.Collect$$rtentry$$0000000C)
    __rt_exit                                0x0800032b   Thumb Code     0  rtexit.o(.ARM.Collect$$rtexit$$00000000)
    __rt_exit_ls                             0x0800032d   Thumb Code     0  rtexit2.o(.ARM.Collect$$rtexit$$00000003)
    __rt_exit_prels_1                        0x0800032d   Thumb Code     0  rtexit2.o(.ARM.Collect$$rtexit$$00000002)
    __rt_exit_exit                           0x08000331   Thumb Code     0  rtexit2.o(.ARM.Collect$$rtexit$$00000004)
    Reset_Handler                            0x08000339   Thumb Code     8  startup_stm32h750xx.o(.text)
    ADC3_IRQHandler                          0x08000353   Thumb Code     0  startup_stm32h750xx.o(.text)
    ADC_IRQHandler                           0x08000353   Thumb Code     0  startup_stm32h750xx.o(.text)
    BDMA_Channel0_IRQHandler                 0x08000353   Thumb Code     0  startup_stm32h750xx.o(.text)
    BDMA_Channel1_IRQHandler                 0x08000353   Thumb Code     0  startup_stm32h750xx.o(.text)
    BDMA_Channel2_IRQHandler                 0x08000353   Thumb Code     0  startup_stm32h750xx.o(.text)
    BDMA_Channel3_IRQHandler                 0x08000353   Thumb Code     0  startup_stm32h750xx.o(.text)
    BDMA_Channel4_IRQHandler                 0x08000353   Thumb Code     0  startup_stm32h750xx.o(.text)
    BDMA_Channel5_IRQHandler                 0x08000353   Thumb Code     0  startup_stm32h750xx.o(.text)
    BDMA_Channel6_IRQHandler                 0x08000353   Thumb Code     0  startup_stm32h750xx.o(.text)
    BDMA_Channel7_IRQHandler                 0x08000353   Thumb Code     0  startup_stm32h750xx.o(.text)
    CEC_IRQHandler                           0x08000353   Thumb Code     0  startup_stm32h750xx.o(.text)
    COMP1_IRQHandler                         0x08000353   Thumb Code     0  startup_stm32h750xx.o(.text)
    CRS_IRQHandler                           0x08000353   Thumb Code     0  startup_stm32h750xx.o(.text)
    CRYP_IRQHandler                          0x08000353   Thumb Code     0  startup_stm32h750xx.o(.text)
    DCMI_IRQHandler                          0x08000353   Thumb Code     0  startup_stm32h750xx.o(.text)
    DFSDM1_FLT0_IRQHandler                   0x08000353   Thumb Code     0  startup_stm32h750xx.o(.text)
    DFSDM1_FLT1_IRQHandler                   0x08000353   Thumb Code     0  startup_stm32h750xx.o(.text)
    DFSDM1_FLT2_IRQHandler                   0x08000353   Thumb Code     0  startup_stm32h750xx.o(.text)
    DFSDM1_FLT3_IRQHandler                   0x08000353   Thumb Code     0  startup_stm32h750xx.o(.text)
    DMA1_Stream1_IRQHandler                  0x08000353   Thumb Code     0  startup_stm32h750xx.o(.text)
    DMA1_Stream2_IRQHandler                  0x08000353   Thumb Code     0  startup_stm32h750xx.o(.text)
    DMA1_Stream3_IRQHandler                  0x08000353   Thumb Code     0  startup_stm32h750xx.o(.text)
    DMA1_Stream4_IRQHandler                  0x08000353   Thumb Code     0  startup_stm32h750xx.o(.text)
    DMA1_Stream5_IRQHandler                  0x08000353   Thumb Code     0  startup_stm32h750xx.o(.text)
    DMA1_Stream6_IRQHandler                  0x08000353   Thumb Code     0  startup_stm32h750xx.o(.text)
    DMA1_Stream7_IRQHandler                  0x08000353   Thumb Code     0  startup_stm32h750xx.o(.text)
    DMA2D_IRQHandler                         0x08000353   Thumb Code     0  startup_stm32h750xx.o(.text)
    DMA2_Stream0_IRQHandler                  0x08000353   Thumb Code     0  startup_stm32h750xx.o(.text)
    DMA2_Stream1_IRQHandler                  0x08000353   Thumb Code     0  startup_stm32h750xx.o(.text)
    DMA2_Stream2_IRQHandler                  0x08000353   Thumb Code     0  startup_stm32h750xx.o(.text)
    DMA2_Stream3_IRQHandler                  0x08000353   Thumb Code     0  startup_stm32h750xx.o(.text)
    DMA2_Stream4_IRQHandler                  0x08000353   Thumb Code     0  startup_stm32h750xx.o(.text)
    DMA2_Stream5_IRQHandler                  0x08000353   Thumb Code     0  startup_stm32h750xx.o(.text)
    DMA2_Stream6_IRQHandler                  0x08000353   Thumb Code     0  startup_stm32h750xx.o(.text)
    DMA2_Stream7_IRQHandler                  0x08000353   Thumb Code     0  startup_stm32h750xx.o(.text)
    DMAMUX1_OVR_IRQHandler                   0x08000353   Thumb Code     0  startup_stm32h750xx.o(.text)
    DMAMUX2_OVR_IRQHandler                   0x08000353   Thumb Code     0  startup_stm32h750xx.o(.text)
    ECC_IRQHandler                           0x08000353   Thumb Code     0  startup_stm32h750xx.o(.text)
    ETH_IRQHandler                           0x08000353   Thumb Code     0  startup_stm32h750xx.o(.text)
    ETH_WKUP_IRQHandler                      0x08000353   Thumb Code     0  startup_stm32h750xx.o(.text)
    EXTI0_IRQHandler                         0x08000353   Thumb Code     0  startup_stm32h750xx.o(.text)
    EXTI1_IRQHandler                         0x08000353   Thumb Code     0  startup_stm32h750xx.o(.text)
    EXTI2_IRQHandler                         0x08000353   Thumb Code     0  startup_stm32h750xx.o(.text)
    EXTI3_IRQHandler                         0x08000353   Thumb Code     0  startup_stm32h750xx.o(.text)
    EXTI4_IRQHandler                         0x08000353   Thumb Code     0  startup_stm32h750xx.o(.text)
    EXTI9_5_IRQHandler                       0x08000353   Thumb Code     0  startup_stm32h750xx.o(.text)
    FDCAN1_IT0_IRQHandler                    0x08000353   Thumb Code     0  startup_stm32h750xx.o(.text)
    FDCAN1_IT1_IRQHandler                    0x08000353   Thumb Code     0  startup_stm32h750xx.o(.text)
    FDCAN2_IT0_IRQHandler                    0x08000353   Thumb Code     0  startup_stm32h750xx.o(.text)
    FDCAN2_IT1_IRQHandler                    0x08000353   Thumb Code     0  startup_stm32h750xx.o(.text)
    FDCAN_CAL_IRQHandler                     0x08000353   Thumb Code     0  startup_stm32h750xx.o(.text)
    FLASH_IRQHandler                         0x08000353   Thumb Code     0  startup_stm32h750xx.o(.text)
    FMC_IRQHandler                           0x08000353   Thumb Code     0  startup_stm32h750xx.o(.text)
    FPU_IRQHandler                           0x08000353   Thumb Code     0  startup_stm32h750xx.o(.text)
    HASH_RNG_IRQHandler                      0x08000353   Thumb Code     0  startup_stm32h750xx.o(.text)
    HRTIM1_FLT_IRQHandler                    0x08000353   Thumb Code     0  startup_stm32h750xx.o(.text)
    HRTIM1_Master_IRQHandler                 0x08000353   Thumb Code     0  startup_stm32h750xx.o(.text)
    HRTIM1_TIMA_IRQHandler                   0x08000353   Thumb Code     0  startup_stm32h750xx.o(.text)
    HRTIM1_TIMB_IRQHandler                   0x08000353   Thumb Code     0  startup_stm32h750xx.o(.text)
    HRTIM1_TIMC_IRQHandler                   0x08000353   Thumb Code     0  startup_stm32h750xx.o(.text)
    HRTIM1_TIMD_IRQHandler                   0x08000353   Thumb Code     0  startup_stm32h750xx.o(.text)
    HRTIM1_TIME_IRQHandler                   0x08000353   Thumb Code     0  startup_stm32h750xx.o(.text)
    HSEM1_IRQHandler                         0x08000353   Thumb Code     0  startup_stm32h750xx.o(.text)
    I2C1_ER_IRQHandler                       0x08000353   Thumb Code     0  startup_stm32h750xx.o(.text)
    I2C1_EV_IRQHandler                       0x08000353   Thumb Code     0  startup_stm32h750xx.o(.text)
    I2C2_ER_IRQHandler                       0x08000353   Thumb Code     0  startup_stm32h750xx.o(.text)
    I2C2_EV_IRQHandler                       0x08000353   Thumb Code     0  startup_stm32h750xx.o(.text)
    I2C3_ER_IRQHandler                       0x08000353   Thumb Code     0  startup_stm32h750xx.o(.text)
    I2C3_EV_IRQHandler                       0x08000353   Thumb Code     0  startup_stm32h750xx.o(.text)
    I2C4_ER_IRQHandler                       0x08000353   Thumb Code     0  startup_stm32h750xx.o(.text)
    I2C4_EV_IRQHandler                       0x08000353   Thumb Code     0  startup_stm32h750xx.o(.text)
    JPEG_IRQHandler                          0x08000353   Thumb Code     0  startup_stm32h750xx.o(.text)
    LPTIM1_IRQHandler                        0x08000353   Thumb Code     0  startup_stm32h750xx.o(.text)
    LPTIM2_IRQHandler                        0x08000353   Thumb Code     0  startup_stm32h750xx.o(.text)
    LPTIM3_IRQHandler                        0x08000353   Thumb Code     0  startup_stm32h750xx.o(.text)
    LPTIM4_IRQHandler                        0x08000353   Thumb Code     0  startup_stm32h750xx.o(.text)
    LPTIM5_IRQHandler                        0x08000353   Thumb Code     0  startup_stm32h750xx.o(.text)
    LPUART1_IRQHandler                       0x08000353   Thumb Code     0  startup_stm32h750xx.o(.text)
    LTDC_ER_IRQHandler                       0x08000353   Thumb Code     0  startup_stm32h750xx.o(.text)
    LTDC_IRQHandler                          0x08000353   Thumb Code     0  startup_stm32h750xx.o(.text)
    MDIOS_IRQHandler                         0x08000353   Thumb Code     0  startup_stm32h750xx.o(.text)
    MDIOS_WKUP_IRQHandler                    0x08000353   Thumb Code     0  startup_stm32h750xx.o(.text)
    MDMA_IRQHandler                          0x08000353   Thumb Code     0  startup_stm32h750xx.o(.text)
    OTG_FS_EP1_IN_IRQHandler                 0x08000353   Thumb Code     0  startup_stm32h750xx.o(.text)
    OTG_FS_EP1_OUT_IRQHandler                0x08000353   Thumb Code     0  startup_stm32h750xx.o(.text)
    OTG_FS_IRQHandler                        0x08000353   Thumb Code     0  startup_stm32h750xx.o(.text)
    OTG_FS_WKUP_IRQHandler                   0x08000353   Thumb Code     0  startup_stm32h750xx.o(.text)
    OTG_HS_EP1_IN_IRQHandler                 0x08000353   Thumb Code     0  startup_stm32h750xx.o(.text)
    OTG_HS_EP1_OUT_IRQHandler                0x08000353   Thumb Code     0  startup_stm32h750xx.o(.text)
    OTG_HS_WKUP_IRQHandler                   0x08000353   Thumb Code     0  startup_stm32h750xx.o(.text)
    PVD_AVD_IRQHandler                       0x08000353   Thumb Code     0  startup_stm32h750xx.o(.text)
    QUADSPI_IRQHandler                       0x08000353   Thumb Code     0  startup_stm32h750xx.o(.text)
    RCC_IRQHandler                           0x08000353   Thumb Code     0  startup_stm32h750xx.o(.text)
    RTC_Alarm_IRQHandler                     0x08000353   Thumb Code     0  startup_stm32h750xx.o(.text)
    RTC_WKUP_IRQHandler                      0x08000353   Thumb Code     0  startup_stm32h750xx.o(.text)
    SAI1_IRQHandler                          0x08000353   Thumb Code     0  startup_stm32h750xx.o(.text)
    SAI2_IRQHandler                          0x08000353   Thumb Code     0  startup_stm32h750xx.o(.text)
    SAI3_IRQHandler                          0x08000353   Thumb Code     0  startup_stm32h750xx.o(.text)
    SAI4_IRQHandler                          0x08000353   Thumb Code     0  startup_stm32h750xx.o(.text)
    SDMMC1_IRQHandler                        0x08000353   Thumb Code     0  startup_stm32h750xx.o(.text)
    SDMMC2_IRQHandler                        0x08000353   Thumb Code     0  startup_stm32h750xx.o(.text)
    SPDIF_RX_IRQHandler                      0x08000353   Thumb Code     0  startup_stm32h750xx.o(.text)
    SPI1_IRQHandler                          0x08000353   Thumb Code     0  startup_stm32h750xx.o(.text)
    SPI2_IRQHandler                          0x08000353   Thumb Code     0  startup_stm32h750xx.o(.text)
    SPI3_IRQHandler                          0x08000353   Thumb Code     0  startup_stm32h750xx.o(.text)
    SPI4_IRQHandler                          0x08000353   Thumb Code     0  startup_stm32h750xx.o(.text)
    SPI5_IRQHandler                          0x08000353   Thumb Code     0  startup_stm32h750xx.o(.text)
    SPI6_IRQHandler                          0x08000353   Thumb Code     0  startup_stm32h750xx.o(.text)
    SWPMI1_IRQHandler                        0x08000353   Thumb Code     0  startup_stm32h750xx.o(.text)
    TAMP_STAMP_IRQHandler                    0x08000353   Thumb Code     0  startup_stm32h750xx.o(.text)
    TIM15_IRQHandler                         0x08000353   Thumb Code     0  startup_stm32h750xx.o(.text)
    TIM16_IRQHandler                         0x08000353   Thumb Code     0  startup_stm32h750xx.o(.text)
    TIM17_IRQHandler                         0x08000353   Thumb Code     0  startup_stm32h750xx.o(.text)
    TIM1_BRK_IRQHandler                      0x08000353   Thumb Code     0  startup_stm32h750xx.o(.text)
    TIM1_CC_IRQHandler                       0x08000353   Thumb Code     0  startup_stm32h750xx.o(.text)
    TIM1_TRG_COM_IRQHandler                  0x08000353   Thumb Code     0  startup_stm32h750xx.o(.text)
    TIM1_UP_IRQHandler                       0x08000353   Thumb Code     0  startup_stm32h750xx.o(.text)
    TIM3_IRQHandler                          0x08000353   Thumb Code     0  startup_stm32h750xx.o(.text)
    TIM4_IRQHandler                          0x08000353   Thumb Code     0  startup_stm32h750xx.o(.text)
    TIM5_IRQHandler                          0x08000353   Thumb Code     0  startup_stm32h750xx.o(.text)
    TIM6_DAC_IRQHandler                      0x08000353   Thumb Code     0  startup_stm32h750xx.o(.text)
    TIM7_IRQHandler                          0x08000353   Thumb Code     0  startup_stm32h750xx.o(.text)
    TIM8_BRK_TIM12_IRQHandler                0x08000353   Thumb Code     0  startup_stm32h750xx.o(.text)
    TIM8_CC_IRQHandler                       0x08000353   Thumb Code     0  startup_stm32h750xx.o(.text)
    TIM8_TRG_COM_TIM14_IRQHandler            0x08000353   Thumb Code     0  startup_stm32h750xx.o(.text)
    TIM8_UP_TIM13_IRQHandler                 0x08000353   Thumb Code     0  startup_stm32h750xx.o(.text)
    UART4_IRQHandler                         0x08000353   Thumb Code     0  startup_stm32h750xx.o(.text)
    UART5_IRQHandler                         0x08000353   Thumb Code     0  startup_stm32h750xx.o(.text)
    UART7_IRQHandler                         0x08000353   Thumb Code     0  startup_stm32h750xx.o(.text)
    UART8_IRQHandler                         0x08000353   Thumb Code     0  startup_stm32h750xx.o(.text)
    USART2_IRQHandler                        0x08000353   Thumb Code     0  startup_stm32h750xx.o(.text)
    USART3_IRQHandler                        0x08000353   Thumb Code     0  startup_stm32h750xx.o(.text)
    USART6_IRQHandler                        0x08000353   Thumb Code     0  startup_stm32h750xx.o(.text)
    WAKEUP_PIN_IRQHandler                    0x08000353   Thumb Code     0  startup_stm32h750xx.o(.text)
    WWDG_IRQHandler                          0x08000353   Thumb Code     0  startup_stm32h750xx.o(.text)
    __user_initial_stackheap                 0x08000355   Thumb Code     0  startup_stm32h750xx.o(.text)
    __aeabi_memcpy4                          0x08000379   Thumb Code     0  rt_memcpy_w.o(.text)
    __aeabi_memcpy8                          0x08000379   Thumb Code     0  rt_memcpy_w.o(.text)
    __rt_memcpy_w                            0x08000379   Thumb Code   100  rt_memcpy_w.o(.text)
    _memcpy_lastbytes_aligned                0x080003c1   Thumb Code     0  rt_memcpy_w.o(.text)
    __aeabi_memclr4                          0x080003dd   Thumb Code     0  rt_memclr_w.o(.text)
    __aeabi_memclr8                          0x080003dd   Thumb Code     0  rt_memclr_w.o(.text)
    __rt_memclr_w                            0x080003dd   Thumb Code    78  rt_memclr_w.o(.text)
    _memset_w                                0x080003e1   Thumb Code     0  rt_memclr_w.o(.text)
    __use_two_region_memory                  0x0800042b   Thumb Code     2  heapauxi.o(.text)
    __rt_heap_escrow$2region                 0x0800042d   Thumb Code     2  heapauxi.o(.text)
    __rt_heap_expand$2region                 0x0800042f   Thumb Code     2  heapauxi.o(.text)
    __user_setup_stackheap                   0x08000431   Thumb Code    74  sys_stackheap_outer.o(.text)
    exit                                     0x0800047b   Thumb Code    18  exit.o(.text)
    __user_libspace                          0x0800048d   Thumb Code     8  libspace.o(.text)
    __user_perproc_libspace                  0x0800048d   Thumb Code     0  libspace.o(.text)
    __user_perthread_libspace                0x0800048d   Thumb Code     0  libspace.o(.text)
    _sys_exit                                0x08000495   Thumb Code     8  sys_exit.o(.text)
    __I$use$semihosting                      0x080004a1   Thumb Code     0  use_no_semi.o(.text)
    __use_no_semihosting_swi                 0x080004a1   Thumb Code     2  use_no_semi.o(.text)
    BusFault_Handler                         0x080004a3   Thumb Code     4  stm32h7xx_it.o(i.BusFault_Handler)
    __semihosting_library_function           0x080004a3   Thumb Code     0  indicate_semi.o(.text)
    CDC_Transmit_HS                          0x0800053d   Thumb Code    50  usbd_cdc_if.o(i.CDC_Transmit_HS)
    DMA1_Stream0_IRQHandler                  0x08000575   Thumb Code    36  stm32h7xx_it.o(i.DMA1_Stream0_IRQHandler)
    DMA_ADC_TIM_Disable                      0x080005a1   Thumb Code    52  dma_adc_tim.o(i.DMA_ADC_TIM_Disable)
    DMA_ADC_TIM_Enable                       0x080005e9   Thumb Code   126  dma_adc_tim.o(i.DMA_ADC_TIM_Enable)
    DMA_ADC_TIM_Init                         0x08000681   Thumb Code   210  dma_adc_tim.o(i.DMA_ADC_TIM_Init)
    DebugMon_Handler                         0x0800076d   Thumb Code     2  stm32h7xx_it.o(i.DebugMon_Handler)
    EXTI15_10_IRQHandler                     0x08000771   Thumb Code    66  stm32h7xx_it.o(i.EXTI15_10_IRQHandler)
    Error_Handler                            0x080007b9   Thumb Code     6  main.o(i.Error_Handler)
    Exti_Key_Timer_Init                      0x080007bf   Thumb Code    46  exti_key.o(i.Exti_Key_Timer_Init)
    HAL_Delay                                0x08000821   Thumb Code    36  stm32h7xx_hal.o(i.HAL_Delay)
    HAL_GPIO_Init                            0x08000849   Thumb Code   834  stm32h7xx_hal_gpio.o(i.HAL_GPIO_Init)
    HAL_GetTick                              0x08000c01   Thumb Code     6  stm32h7xx_hal.o(i.HAL_GetTick)
    HAL_IncTick                              0x08000c0d   Thumb Code    16  stm32h7xx_hal.o(i.HAL_IncTick)
    HAL_Init                                 0x08000c25   Thumb Code    80  stm32h7xx_hal.o(i.HAL_Init)
    HAL_InitTick                             0x08000c85   Thumb Code    74  stm32h7xx_hal.o(i.HAL_InitTick)
    HAL_MspInit                              0x08000cdd   Thumb Code    38  stm32h7xx_hal_msp.o(i.HAL_MspInit)
    HAL_NVIC_EnableIRQ                       0x08000d09   Thumb Code    56  stm32h7xx_hal_cortex.o(i.HAL_NVIC_EnableIRQ)
    HAL_NVIC_SetPriority                     0x08000d7d   Thumb Code   150  stm32h7xx_hal_cortex.o(i.HAL_NVIC_SetPriority)
    HAL_NVIC_SetPriorityGrouping             0x08000e51   Thumb Code    66  stm32h7xx_hal_cortex.o(i.HAL_NVIC_SetPriorityGrouping)
    HAL_PCDEx_ActivateLPM                    0x08000ed9   Thumb Code    36  stm32h7xx_hal_pcd_ex.o(i.HAL_PCDEx_ActivateLPM)
    HAL_PCDEx_LPM_Callback                   0x08000f01   Thumb Code     2  stm32h7xx_hal_pcd_ex.o(i.HAL_PCDEx_LPM_Callback)
    HAL_PCDEx_SetRxFiFo                      0x08000f03   Thumb Code    10  stm32h7xx_hal_pcd_ex.o(i.HAL_PCDEx_SetRxFiFo)
    HAL_PCDEx_SetTxFiFo                      0x08000f0d   Thumb Code    78  stm32h7xx_hal_pcd_ex.o(i.HAL_PCDEx_SetTxFiFo)
    HAL_PCD_ConnectCallback                  0x08000f5b   Thumb Code    14  usbd_conf.o(i.HAL_PCD_ConnectCallback)
    HAL_PCD_DataInStageCallback              0x08000f69   Thumb Code    32  usbd_conf.o(i.HAL_PCD_DataInStageCallback)
    HAL_PCD_DataOutStageCallback             0x08000f89   Thumb Code    32  usbd_conf.o(i.HAL_PCD_DataOutStageCallback)
    HAL_PCD_DisconnectCallback               0x08000fa9   Thumb Code    14  usbd_conf.o(i.HAL_PCD_DisconnectCallback)
    HAL_PCD_EP_Abort                         0x08000fb7   Thumb Code    66  stm32h7xx_hal_pcd.o(i.HAL_PCD_EP_Abort)
    HAL_PCD_EP_Close                         0x08000ff9   Thumb Code   106  stm32h7xx_hal_pcd.o(i.HAL_PCD_EP_Close)
    HAL_PCD_EP_ClrStall                      0x08001063   Thumb Code   124  stm32h7xx_hal_pcd.o(i.HAL_PCD_EP_ClrStall)
    HAL_PCD_EP_GetRxCount                    0x080010df   Thumb Code    22  stm32h7xx_hal_pcd.o(i.HAL_PCD_EP_GetRxCount)
    HAL_PCD_EP_Open                          0x080010f5   Thumb Code   140  stm32h7xx_hal_pcd.o(i.HAL_PCD_EP_Open)
    HAL_PCD_EP_Receive                       0x08001181   Thumb Code    70  stm32h7xx_hal_pcd.o(i.HAL_PCD_EP_Receive)
    HAL_PCD_EP_SetStall                      0x080011c7   Thumb Code   138  stm32h7xx_hal_pcd.o(i.HAL_PCD_EP_SetStall)
    HAL_PCD_EP_Transmit                      0x08001251   Thumb Code    72  stm32h7xx_hal_pcd.o(i.HAL_PCD_EP_Transmit)
    HAL_PCD_IRQHandler                       0x08001299   Thumb Code  1806  stm32h7xx_hal_pcd.o(i.HAL_PCD_IRQHandler)
    HAL_PCD_ISOINIncompleteCallback          0x080019a7   Thumb Code    18  usbd_conf.o(i.HAL_PCD_ISOINIncompleteCallback)
    HAL_PCD_ISOOUTIncompleteCallback         0x080019b9   Thumb Code    18  usbd_conf.o(i.HAL_PCD_ISOOUTIncompleteCallback)
    HAL_PCD_Init                             0x080019cd   Thumb Code   396  stm32h7xx_hal_pcd.o(i.HAL_PCD_Init)
    HAL_PCD_MspInit                          0x08001b99   Thumb Code   308  usbd_conf.o(i.HAL_PCD_MspInit)
    HAL_PCD_ResetCallback                    0x08001ce5   Thumb Code    48  usbd_conf.o(i.HAL_PCD_ResetCallback)
    HAL_PCD_ResumeCallback                   0x08001d15   Thumb Code    14  usbd_conf.o(i.HAL_PCD_ResumeCallback)
    HAL_PCD_SOFCallback                      0x08001d23   Thumb Code    14  usbd_conf.o(i.HAL_PCD_SOFCallback)
    HAL_PCD_SetAddress                       0x08001d31   Thumb Code    54  stm32h7xx_hal_pcd.o(i.HAL_PCD_SetAddress)
    HAL_PCD_SetupStageCallback               0x08001d67   Thumb Code    18  usbd_conf.o(i.HAL_PCD_SetupStageCallback)
    HAL_PCD_Start                            0x08001d79   Thumb Code    76  stm32h7xx_hal_pcd.o(i.HAL_PCD_Start)
    HAL_PCD_SuspendCallback                  0x08001dc5   Thumb Code    46  usbd_conf.o(i.HAL_PCD_SuspendCallback)
    HAL_PWREx_EnableUSBVoltageDetector       0x08001df9   Thumb Code    14  stm32h7xx_hal_pwr_ex.o(i.HAL_PWREx_EnableUSBVoltageDetector)
    HAL_RCC_GetHCLKFreq                      0x08001e0d   Thumb Code    60  stm32h7xx_hal_rcc.o(i.HAL_RCC_GetHCLKFreq)
    HAL_RCC_GetSysClockFreq                  0x08001e59   Thumb Code   524  stm32h7xx_hal_rcc.o(i.HAL_RCC_GetSysClockFreq)
    HAL_SYSTICK_Config                       0x08002085   Thumb Code    52  stm32h7xx_hal_cortex.o(i.HAL_SYSTICK_Config)
    HardFault_Handler                        0x080020b9   Thumb Code     4  stm32h7xx_it.o(i.HardFault_Handler)
    LL_ADC_CommonInit                        0x080020fd   Thumb Code   454  stm32h7xx_ll_adc.o(i.LL_ADC_CommonInit)
    LL_ADC_Init                              0x08002315   Thumb Code   284  stm32h7xx_ll_adc.o(i.LL_ADC_Init)
    LL_ADC_REG_Init                          0x08002481   Thumb Code   606  stm32h7xx_ll_adc.o(i.LL_ADC_REG_Init)
    LL_EXTI_Init                             0x0800281d   Thumb Code   698  stm32h7xx_ll_exti.o(i.LL_EXTI_Init)
    LL_GPIO_Init                             0x08002b19   Thumb Code   570  stm32h7xx_ll_gpio.o(i.LL_GPIO_Init)
    LL_RCC_CalcPLLClockFreq                  0x08002dc9   Thumb Code    86  stm32h7xx_ll_rcc.o(i.LL_RCC_CalcPLLClockFreq)
    LL_RCC_GetPLL1ClockFreq                  0x08002e4d   Thumb Code   304  stm32h7xx_ll_rcc.o(i.LL_RCC_GetPLL1ClockFreq)
    LL_RCC_GetPLL2ClockFreq                  0x08002f8d   Thumb Code   304  stm32h7xx_ll_rcc.o(i.LL_RCC_GetPLL2ClockFreq)
    LL_RCC_GetPLL3ClockFreq                  0x080030cd   Thumb Code   310  stm32h7xx_ll_rcc.o(i.LL_RCC_GetPLL3ClockFreq)
    LL_RCC_GetUSARTClockFreq                 0x08003225   Thumb Code   320  stm32h7xx_ll_rcc.o(i.LL_RCC_GetUSARTClockFreq)
    LL_SetSystemCoreClock                    0x08003431   Thumb Code     6  stm32h7xx_ll_utils.o(i.LL_SetSystemCoreClock)
    LL_TIM_Init                              0x08003451   Thumb Code   354  stm32h7xx_ll_tim.o(i.LL_TIM_Init)
    LL_USART_Init                            0x0800363d   Thumb Code   626  stm32h7xx_ll_usart.o(i.LL_USART_Init)
    LL_mDelay                                0x08003989   Thumb Code    44  stm32h7xx_ll_utils.o(i.LL_mDelay)
    MX_ADC1_Init                             0x080039b5   Thumb Code   674  adc.o(i.MX_ADC1_Init)
    MX_DMA_Init                              0x08003c8d   Thumb Code   202  dma.o(i.MX_DMA_Init)
    MX_GPIO_Init                             0x08003d65   Thumb Code   404  gpio.o(i.MX_GPIO_Init)
    MX_TIM1_Init                             0x08003f0d   Thumb Code   122  tim.o(i.MX_TIM1_Init)
    MX_TIM2_Init                             0x08003f95   Thumb Code   292  tim.o(i.MX_TIM2_Init)
    MX_USART1_UART_Init                      0x080040c5   Thumb Code   522  usart.o(i.MX_USART1_UART_Init)
    MX_USB_DEVICE_Init                       0x080042e9   Thumb Code    64  usb_device.o(i.MX_USB_DEVICE_Init)
    MemManage_Handler                        0x08004339   Thumb Code     4  stm32h7xx_it.o(i.MemManage_Handler)
    NMI_Handler                              0x0800433d   Thumb Code     4  stm32h7xx_it.o(i.NMI_Handler)
    OTG_HS_IRQHandler                        0x08004341   Thumb Code    10  stm32h7xx_it.o(i.OTG_HS_IRQHandler)
    PendSV_Handler                           0x080045af   Thumb Code     2  stm32h7xx_it.o(i.PendSV_Handler)
    PeriphCommonClock_Config                 0x080045b1   Thumb Code   416  main.o(i.PeriphCommonClock_Config)
    SVC_Handler                              0x08004819   Thumb Code     2  stm32h7xx_it.o(i.SVC_Handler)
    SysTick_Handler                          0x0800482d   Thumb Code     8  stm32h7xx_it.o(i.SysTick_Handler)
    SystemClock_Config                       0x08004835   Thumb Code   536  main.o(i.SystemClock_Config)
    SystemInit                               0x08004a5d   Thumb Code   212  system_stm32h7xx.o(i.SystemInit)
    TIM2_IRQHandler                          0x08004b59   Thumb Code    50  stm32h7xx_it.o(i.TIM2_IRQHandler)
    USART1_IRQHandler                        0x08004b91   Thumb Code    46  stm32h7xx_it.o(i.USART1_IRQHandler)
    USBD_CDC_GetDeviceQualifierDescriptor    0x08004e01   Thumb Code    10  usbd_cdc.o(i.USBD_CDC_GetDeviceQualifierDescriptor)
    USBD_CDC_ReceivePacket                   0x08005081   Thumb Code    74  usbd_cdc.o(i.USBD_CDC_ReceivePacket)
    USBD_CDC_RegisterInterface               0x080050d1   Thumb Code    24  usbd_cdc.o(i.USBD_CDC_RegisterInterface)
    USBD_CDC_SetRxBuffer                     0x080050e9   Thumb Code    30  usbd_cdc.o(i.USBD_CDC_SetRxBuffer)
    USBD_CDC_SetTxBuffer                     0x08005107   Thumb Code    36  usbd_cdc.o(i.USBD_CDC_SetTxBuffer)
    USBD_CDC_TransmitPacket                  0x0800526d   Thumb Code    86  usbd_cdc.o(i.USBD_CDC_TransmitPacket)
    USBD_ClrClassConfig                      0x080052c9   Thumb Code    28  usbd_core.o(i.USBD_ClrClassConfig)
    USBD_CoreFindEP                          0x08005323   Thumb Code     6  usbd_core.o(i.USBD_CoreFindEP)
    USBD_CoreFindIF                          0x08005329   Thumb Code     6  usbd_core.o(i.USBD_CoreFindIF)
    USBD_CtlContinueRx                       0x0800532f   Thumb Code    24  usbd_ioreq.o(i.USBD_CtlContinueRx)
    USBD_CtlContinueSendData                 0x08005347   Thumb Code    24  usbd_ioreq.o(i.USBD_CtlContinueSendData)
    USBD_CtlError                            0x0800535f   Thumb Code    24  usbd_ctlreq.o(i.USBD_CtlError)
    USBD_CtlPrepareRx                        0x08005377   Thumb Code    40  usbd_ioreq.o(i.USBD_CtlPrepareRx)
    USBD_CtlReceiveStatus                    0x0800539f   Thumb Code    26  usbd_ioreq.o(i.USBD_CtlReceiveStatus)
    USBD_CtlSendData                         0x080053b9   Thumb Code    34  usbd_ioreq.o(i.USBD_CtlSendData)
    USBD_CtlSendStatus                       0x080053db   Thumb Code    26  usbd_ioreq.o(i.USBD_CtlSendStatus)
    USBD_GetEpDesc                           0x08005647   Thumb Code    80  usbd_core.o(i.USBD_GetEpDesc)
    USBD_GetNextDesc                         0x080056ad   Thumb Code    20  usbd_core.o(i.USBD_GetNextDesc)
    USBD_GetString                           0x0800571b   Thumb Code    84  usbd_ctlreq.o(i.USBD_GetString)
    USBD_Get_USB_Status                      0x0800576f   Thumb Code    44  usbd_conf.o(i.USBD_Get_USB_Status)
    USBD_HS_ConfigStrDescriptor              0x0800579d   Thumb Code    34  usbd_desc.o(i.USBD_HS_ConfigStrDescriptor)
    USBD_HS_DeviceDescriptor                 0x080057d1   Thumb Code    10  usbd_desc.o(i.USBD_HS_DeviceDescriptor)
    USBD_HS_InterfaceStrDescriptor           0x080057e1   Thumb Code    34  usbd_desc.o(i.USBD_HS_InterfaceStrDescriptor)
    USBD_HS_LangIDStrDescriptor              0x08005819   Thumb Code    10  usbd_desc.o(i.USBD_HS_LangIDStrDescriptor)
    USBD_HS_ManufacturerStrDescriptor        0x08005829   Thumb Code    20  usbd_desc.o(i.USBD_HS_ManufacturerStrDescriptor)
    USBD_HS_ProductStrDescriptor             0x08005855   Thumb Code    34  usbd_desc.o(i.USBD_HS_ProductStrDescriptor)
    USBD_HS_SerialStrDescriptor              0x08005895   Thumb Code    18  usbd_desc.o(i.USBD_HS_SerialStrDescriptor)
    USBD_Init                                0x080058ad   Thumb Code    58  usbd_core.o(i.USBD_Init)
    USBD_LL_ClearStallEP                     0x080058e7   Thumb Code    38  usbd_conf.o(i.USBD_LL_ClearStallEP)
    USBD_LL_CloseEP                          0x0800590d   Thumb Code    38  usbd_conf.o(i.USBD_LL_CloseEP)
    USBD_LL_DataInStage                      0x08005933   Thumb Code   264  usbd_core.o(i.USBD_LL_DataInStage)
    USBD_LL_DataOutStage                     0x08005a3b   Thumb Code   258  usbd_core.o(i.USBD_LL_DataOutStage)
    USBD_LL_DevConnected                     0x08005b3d   Thumb Code     6  usbd_core.o(i.USBD_LL_DevConnected)
    USBD_LL_DevDisconnected                  0x08005b43   Thumb Code    38  usbd_core.o(i.USBD_LL_DevDisconnected)
    USBD_LL_GetRxDataSize                    0x08005b69   Thumb Code    18  usbd_conf.o(i.USBD_LL_GetRxDataSize)
    USBD_LL_Init                             0x08005b7d   Thumb Code   102  usbd_conf.o(i.USBD_LL_Init)
    USBD_LL_IsStallEP                        0x08005bed   Thumb Code    56  usbd_conf.o(i.USBD_LL_IsStallEP)
    USBD_LL_IsoINIncomplete                  0x08005c25   Thumb Code    72  usbd_core.o(i.USBD_LL_IsoINIncomplete)
    USBD_LL_IsoOUTIncomplete                 0x08005c6d   Thumb Code    72  usbd_core.o(i.USBD_LL_IsoOUTIncomplete)
    USBD_LL_OpenEP                           0x08005cb5   Thumb Code    48  usbd_conf.o(i.USBD_LL_OpenEP)
    USBD_LL_PrepareReceive                   0x08005ce5   Thumb Code    48  usbd_conf.o(i.USBD_LL_PrepareReceive)
    USBD_LL_Reset                            0x08005d15   Thumb Code   108  usbd_core.o(i.USBD_LL_Reset)
    USBD_LL_Resume                           0x08005d81   Thumb Code    22  usbd_core.o(i.USBD_LL_Resume)
    USBD_LL_SOF                              0x08005d97   Thumb Code    40  usbd_core.o(i.USBD_LL_SOF)
    USBD_LL_SetSpeed                         0x08005dbf   Thumb Code     8  usbd_core.o(i.USBD_LL_SetSpeed)
    USBD_LL_SetUSBAddress                    0x08005dc7   Thumb Code    38  usbd_conf.o(i.USBD_LL_SetUSBAddress)
    USBD_LL_SetupStage                       0x08005ded   Thumb Code   118  usbd_core.o(i.USBD_LL_SetupStage)
    USBD_LL_StallEP                          0x08005e63   Thumb Code    38  usbd_conf.o(i.USBD_LL_StallEP)
    USBD_LL_Start                            0x08005e89   Thumb Code    30  usbd_conf.o(i.USBD_LL_Start)
    USBD_LL_Suspend                          0x08005ea7   Thumb Code    28  usbd_core.o(i.USBD_LL_Suspend)
    USBD_LL_Transmit                         0x08005ec3   Thumb Code    48  usbd_conf.o(i.USBD_LL_Transmit)
    USBD_ParseSetupRequest                   0x08005ef3   Thumb Code    54  usbd_ctlreq.o(i.USBD_ParseSetupRequest)
    USBD_RegisterClass                       0x08005f29   Thumb Code    72  usbd_core.o(i.USBD_RegisterClass)
    USBD_RunTestMode                         0x08005f71   Thumb Code     6  usbd_core.o(i.USBD_RunTestMode)
    USBD_SetClassConfig                      0x08005fd1   Thumb Code    32  usbd_core.o(i.USBD_SetClassConfig)
    USBD_Start                               0x0800612d   Thumb Code    12  usbd_core.o(i.USBD_Start)
    USBD_StdDevReq                           0x08006139   Thumb Code   174  usbd_ctlreq.o(i.USBD_StdDevReq)
    USBD_StdEPReq                            0x080061e7   Thumb Code   640  usbd_ctlreq.o(i.USBD_StdEPReq)
    USBD_StdItfReq                           0x08006467   Thumb Code   174  usbd_ctlreq.o(i.USBD_StdItfReq)
    USBD_static_free                         0x08006515   Thumb Code     2  usbd_conf.o(i.USBD_static_free)
    USBD_static_malloc                       0x08006519   Thumb Code     6  usbd_conf.o(i.USBD_static_malloc)
    USB_ActivateEndpoint                     0x08006525   Thumb Code   202  stm32h7xx_ll_usb.o(i.USB_ActivateEndpoint)
    USB_ActivateSetup                        0x080065f5   Thumb Code    40  stm32h7xx_ll_usb.o(i.USB_ActivateSetup)
    USB_CoreInit                             0x0800661d   Thumb Code   142  stm32h7xx_ll_usb.o(i.USB_CoreInit)
    USB_DeactivateEndpoint                   0x0800670d   Thumb Code   318  stm32h7xx_ll_usb.o(i.USB_DeactivateEndpoint)
    USB_DevConnect                           0x08006859   Thumb Code    36  stm32h7xx_ll_usb.o(i.USB_DevConnect)
    USB_DevDisconnect                        0x0800687d   Thumb Code    36  stm32h7xx_ll_usb.o(i.USB_DevDisconnect)
    USB_DevInit                              0x080068a1   Thumb Code   464  stm32h7xx_ll_usb.o(i.USB_DevInit)
    USB_DisableGlobalInt                     0x08006a79   Thumb Code    14  stm32h7xx_ll_usb.o(i.USB_DisableGlobalInt)
    USB_EP0_OutStart                         0x08006a89   Thumb Code   106  stm32h7xx_ll_usb.o(i.USB_EP0_OutStart)
    USB_EPClearStall                         0x08006af9   Thumb Code   142  stm32h7xx_ll_usb.o(i.USB_EPClearStall)
    USB_EPSetStall                           0x08006b87   Thumb Code   154  stm32h7xx_ll_usb.o(i.USB_EPSetStall)
    USB_EPStartXfer                          0x08006c21   Thumb Code   944  stm32h7xx_ll_usb.o(i.USB_EPStartXfer)
    USB_EPStopXfer                           0x08006fd5   Thumb Code   236  stm32h7xx_ll_usb.o(i.USB_EPStopXfer)
    USB_EnableGlobalInt                      0x080070c1   Thumb Code    14  stm32h7xx_ll_usb.o(i.USB_EnableGlobalInt)
    USB_FlushRxFifo                          0x080070d1   Thumb Code    80  stm32h7xx_ll_usb.o(i.USB_FlushRxFifo)
    USB_FlushTxFifo                          0x08007125   Thumb Code    84  stm32h7xx_ll_usb.o(i.USB_FlushTxFifo)
    USB_GetDevSpeed                          0x0800717d   Thumb Code    38  stm32h7xx_ll_usb.o(i.USB_GetDevSpeed)
    USB_GetMode                              0x080071a3   Thumb Code    10  stm32h7xx_ll_usb.o(i.USB_GetMode)
    USB_ReadDevAllInEpInterrupt              0x080071ad   Thumb Code    20  stm32h7xx_ll_usb.o(i.USB_ReadDevAllInEpInterrupt)
    USB_ReadDevAllOutEpInterrupt             0x080071c1   Thumb Code    20  stm32h7xx_ll_usb.o(i.USB_ReadDevAllOutEpInterrupt)
    USB_ReadDevInEPInterrupt                 0x080071d5   Thumb Code    50  stm32h7xx_ll_usb.o(i.USB_ReadDevInEPInterrupt)
    USB_ReadDevOutEPInterrupt                0x08007207   Thumb Code    26  stm32h7xx_ll_usb.o(i.USB_ReadDevOutEPInterrupt)
    USB_ReadInterrupts                       0x08007221   Thumb Code    10  stm32h7xx_ll_usb.o(i.USB_ReadInterrupts)
    USB_ReadPacket                           0x0800722b   Thumb Code    96  stm32h7xx_ll_usb.o(i.USB_ReadPacket)
    USB_SetCurrentMode                       0x0800728b   Thumb Code   104  stm32h7xx_ll_usb.o(i.USB_SetCurrentMode)
    USB_SetDevAddress                        0x080072f3   Thumb Code    42  stm32h7xx_ll_usb.o(i.USB_SetDevAddress)
    USB_SetDevSpeed                          0x0800731d   Thumb Code    18  stm32h7xx_ll_usb.o(i.USB_SetDevSpeed)
    USB_SetTurnaroundTime                    0x08007331   Thumb Code   192  stm32h7xx_ll_usb.o(i.USB_SetTurnaroundTime)
    USB_WritePacket                          0x08007419   Thumb Code    68  stm32h7xx_ll_usb.o(i.USB_WritePacket)
    UsageFault_Handler                       0x0800745d   Thumb Code     4  stm32h7xx_it.o(i.UsageFault_Handler)
    assert_failed                            0x08007499   Thumb Code     2  main.o(i.assert_failed)
    main                                     0x0800749d   Thumb Code   224  main.o(i.main)
    usb_sendHalfwords                        0x08007595   Thumb Code   118  usb.o(i.usb_sendHalfwords)
    _fp_init                                 0x0800760b   Thumb Code    10  fpinit.o(x$fpl$fpinit)
    __fplib_config_fpu_vfp                   0x08007613   Thumb Code     0  fpinit.o(x$fpl$fpinit)
    __fplib_config_pureend_doubles           0x08007613   Thumb Code     0  fpinit.o(x$fpl$fpinit)
    D1CorePrescTable                         0x080076e4   Data          16  system_stm32h7xx.o(.constdata)
    LL_RCC_PrescTable                        0x080076f4   Data          16  stm32h7xx_ll_rcc.o(.constdata)
    Region$$Table$$Base                      0x08007734   Number         0  anon$$obj.o(Region$$Table)
    Region$$Table$$Limit                     0x08007754   Number         0  anon$$obj.o(Region$$Table)
    USART1_CheckWord                         0x24000000   Data           2  usart1.o(.data)
    USART1_Data_Recv_Num                     0x24000002   Data           2  usart1.o(.data)
    USART1_STATUS                            0x24000004   Data           1  usart1.o(.data)
    USART1_Received_Newest_Byte              0x24000008   Data           4  usart1.o(.data)
    USB_Transfer_Enable_Flag                 0x2400000c   Data           1  dma_adc_tim.o(.data)
    DMA_ADC_Enable_Flag                      0x2400000d   Data           1  dma_adc_tim.o(.data)
    HS_Desc                                  0x24000010   Data          28  usbd_desc.o(.data)
    USBD_HS_DeviceDesc                       0x2400002c   Data          18  usbd_desc.o(.data)
    USBD_LangIDDesc                          0x24000040   Data           4  usbd_desc.o(.data)
    USBD_StringSerial                        0x24000044   Data          26  usbd_desc.o(.data)
    USBD_Interface_fops_HS                   0x24000060   Data          20  usbd_cdc_if.o(.data)
    SystemCoreClock                          0x24000074   Data           4  system_stm32h7xx.o(.data)
    SystemD2Clock                            0x24000078   Data           4  system_stm32h7xx.o(.data)
    uwTick                                   0x2400007c   Data           4  stm32h7xx_hal.o(.data)
    uwTickPrio                               0x24000080   Data           4  stm32h7xx_hal.o(.data)
    uwTickFreq                               0x24000084   Data           1  stm32h7xx_hal.o(.data)
    USBD_CDC                                 0x24000094   Data          56  usbd_cdc.o(.data)
    USART1_Data_Recv                         0x24000114   Data         200  usart1.o(.bss)
    ADC_Value_Buffer                         0x240001dc   Data        1024  dma_adc_tim.o(.bss)
    hUsbDeviceHS                             0x240005dc   Data         732  usb_device.o(.bss)
    hpcd_USB_OTG_HS                          0x240008b8   Data        1292  usbd_conf.o(.bss)
    USBD_StrDesc                             0x24000fe4   Data         512  usbd_desc.o(.bss)
    UserRxBufferHS                           0x240011e4   Data        2048  usbd_cdc_if.o(.bss)
    UserTxBufferHS                           0x240019e4   Data        2048  usbd_cdc_if.o(.bss)
    __libspace_start                         0x240021e4   Data          96  libspace.o(.bss)
    __temporary_stack_top$libspace           0x24002244   Data           0  libspace.o(.bss)



==============================================================================

Memory Map of the image

  Image Entry point : 0x08000299

  Load Region LR_IROM1 (Base: 0x08000000, Size: 0x00007868, Max: 0x00020000, ABSOLUTE)

    Execution Region ER_IROM1 (Exec base: 0x08000000, Load base: 0x08000000, Size: 0x00007754, Max: 0x00020000, ABSOLUTE)

    Exec Addr    Load Addr    Size         Type   Attr      Idx    E Section Name        Object

    0x08000000   0x08000000   0x00000298   Data   RO            3    RESET               startup_stm32h750xx.o
    0x08000298   0x08000298   0x00000008   Code   RO         5941  * !!!main             c_w.l(__main.o)
    0x080002a0   0x080002a0   0x00000034   Code   RO         6266    !!!scatter          c_w.l(__scatter.o)
    0x080002d4   0x080002d4   0x0000001a   Code   RO         6268    !!handler_copy      c_w.l(__scatter_copy.o)
    0x080002ee   0x080002ee   0x00000002   PAD
    0x080002f0   0x080002f0   0x0000001c   Code   RO         6270    !!handler_zi        c_w.l(__scatter_zi.o)
    0x0800030c   0x0800030c   0x00000002   Code   RO         6124    .ARM.Collect$$libinit$$00000000  c_w.l(libinit.o)
    0x0800030e   0x0800030e   0x00000004   Code   RO         6140    .ARM.Collect$$libinit$$00000001  c_w.l(libinit2.o)
    0x08000312   0x08000312   0x00000000   Code   RO         6143    .ARM.Collect$$libinit$$00000004  c_w.l(libinit2.o)
    0x08000312   0x08000312   0x00000000   Code   RO         6146    .ARM.Collect$$libinit$$0000000A  c_w.l(libinit2.o)
    0x08000312   0x08000312   0x00000000   Code   RO         6148    .ARM.Collect$$libinit$$0000000C  c_w.l(libinit2.o)
    0x08000312   0x08000312   0x00000000   Code   RO         6150    .ARM.Collect$$libinit$$0000000E  c_w.l(libinit2.o)
    0x08000312   0x08000312   0x00000000   Code   RO         6153    .ARM.Collect$$libinit$$00000011  c_w.l(libinit2.o)
    0x08000312   0x08000312   0x00000000   Code   RO         6155    .ARM.Collect$$libinit$$00000013  c_w.l(libinit2.o)
    0x08000312   0x08000312   0x00000000   Code   RO         6157    .ARM.Collect$$libinit$$00000015  c_w.l(libinit2.o)
    0x08000312   0x08000312   0x00000000   Code   RO         6159    .ARM.Collect$$libinit$$00000017  c_w.l(libinit2.o)
    0x08000312   0x08000312   0x00000000   Code   RO         6161    .ARM.Collect$$libinit$$00000019  c_w.l(libinit2.o)
    0x08000312   0x08000312   0x00000000   Code   RO         6163    .ARM.Collect$$libinit$$0000001B  c_w.l(libinit2.o)
    0x08000312   0x08000312   0x00000000   Code   RO         6165    .ARM.Collect$$libinit$$0000001D  c_w.l(libinit2.o)
    0x08000312   0x08000312   0x00000000   Code   RO         6167    .ARM.Collect$$libinit$$0000001F  c_w.l(libinit2.o)
    0x08000312   0x08000312   0x00000000   Code   RO         6169    .ARM.Collect$$libinit$$00000021  c_w.l(libinit2.o)
    0x08000312   0x08000312   0x00000000   Code   RO         6171    .ARM.Collect$$libinit$$00000023  c_w.l(libinit2.o)
    0x08000312   0x08000312   0x00000000   Code   RO         6173    .ARM.Collect$$libinit$$00000025  c_w.l(libinit2.o)
    0x08000312   0x08000312   0x00000000   Code   RO         6177    .ARM.Collect$$libinit$$0000002C  c_w.l(libinit2.o)
    0x08000312   0x08000312   0x00000000   Code   RO         6179    .ARM.Collect$$libinit$$0000002E  c_w.l(libinit2.o)
    0x08000312   0x08000312   0x00000000   Code   RO         6181    .ARM.Collect$$libinit$$00000030  c_w.l(libinit2.o)
    0x08000312   0x08000312   0x00000000   Code   RO         6183    .ARM.Collect$$libinit$$00000032  c_w.l(libinit2.o)
    0x08000312   0x08000312   0x00000002   Code   RO         6184    .ARM.Collect$$libinit$$00000033  c_w.l(libinit2.o)
    0x08000314   0x08000314   0x00000002   Code   RO         6204    .ARM.Collect$$libshutdown$$00000000  c_w.l(libshutdown.o)
    0x08000316   0x08000316   0x00000000   Code   RO         6217    .ARM.Collect$$libshutdown$$00000002  c_w.l(libshutdown2.o)
    0x08000316   0x08000316   0x00000000   Code   RO         6219    .ARM.Collect$$libshutdown$$00000004  c_w.l(libshutdown2.o)
    0x08000316   0x08000316   0x00000000   Code   RO         6221    .ARM.Collect$$libshutdown$$00000006  c_w.l(libshutdown2.o)
    0x08000316   0x08000316   0x00000000   Code   RO         6224    .ARM.Collect$$libshutdown$$00000009  c_w.l(libshutdown2.o)
    0x08000316   0x08000316   0x00000000   Code   RO         6227    .ARM.Collect$$libshutdown$$0000000C  c_w.l(libshutdown2.o)
    0x08000316   0x08000316   0x00000000   Code   RO         6229    .ARM.Collect$$libshutdown$$0000000E  c_w.l(libshutdown2.o)
    0x08000316   0x08000316   0x00000000   Code   RO         6232    .ARM.Collect$$libshutdown$$00000011  c_w.l(libshutdown2.o)
    0x08000316   0x08000316   0x00000002   Code   RO         6233    .ARM.Collect$$libshutdown$$00000012  c_w.l(libshutdown2.o)
    0x08000318   0x08000318   0x00000000   Code   RO         5943    .ARM.Collect$$rtentry$$00000000  c_w.l(__rtentry.o)
    0x08000318   0x08000318   0x00000000   Code   RO         6046    .ARM.Collect$$rtentry$$00000002  c_w.l(__rtentry2.o)
    0x08000318   0x08000318   0x00000006   Code   RO         6058    .ARM.Collect$$rtentry$$00000004  c_w.l(__rtentry4.o)
    0x0800031e   0x0800031e   0x00000000   Code   RO         6048    .ARM.Collect$$rtentry$$00000009  c_w.l(__rtentry2.o)
    0x0800031e   0x0800031e   0x00000004   Code   RO         6049    .ARM.Collect$$rtentry$$0000000A  c_w.l(__rtentry2.o)
    0x08000322   0x08000322   0x00000000   Code   RO         6051    .ARM.Collect$$rtentry$$0000000C  c_w.l(__rtentry2.o)
    0x08000322   0x08000322   0x00000008   Code   RO         6052    .ARM.Collect$$rtentry$$0000000D  c_w.l(__rtentry2.o)
    0x0800032a   0x0800032a   0x00000002   Code   RO         6133    .ARM.Collect$$rtexit$$00000000  c_w.l(rtexit.o)
    0x0800032c   0x0800032c   0x00000000   Code   RO         6186    .ARM.Collect$$rtexit$$00000002  c_w.l(rtexit2.o)
    0x0800032c   0x0800032c   0x00000004   Code   RO         6187    .ARM.Collect$$rtexit$$00000003  c_w.l(rtexit2.o)
    0x08000330   0x08000330   0x00000006   Code   RO         6188    .ARM.Collect$$rtexit$$00000004  c_w.l(rtexit2.o)
    0x08000336   0x08000336   0x00000002   PAD
    0x08000338   0x08000338   0x00000040   Code   RO            4    .text               startup_stm32h750xx.o
    0x08000378   0x08000378   0x00000064   Code   RO         5933    .text               c_w.l(rt_memcpy_w.o)
    0x080003dc   0x080003dc   0x0000004e   Code   RO         5937    .text               c_w.l(rt_memclr_w.o)
    0x0800042a   0x0800042a   0x00000006   Code   RO         5939    .text               c_w.l(heapauxi.o)
    0x08000430   0x08000430   0x0000004a   Code   RO         6078    .text               c_w.l(sys_stackheap_outer.o)
    0x0800047a   0x0800047a   0x00000012   Code   RO         6117    .text               c_w.l(exit.o)
    0x0800048c   0x0800048c   0x00000008   Code   RO         6130    .text               c_w.l(libspace.o)
    0x08000494   0x08000494   0x0000000c   Code   RO         6196    .text               c_w.l(sys_exit.o)
    0x080004a0   0x080004a0   0x00000002   Code   RO         6207    .text               c_w.l(use_no_semi.o)
    0x080004a2   0x080004a2   0x00000000   Code   RO         6209    .text               c_w.l(indicate_semi.o)
    0x080004a2   0x080004a2   0x00000004   Code   RO         1187    i.BusFault_Handler  stm32h7xx_it.o
    0x080004a6   0x080004a6   0x00000044   Code   RO         1125    i.CDC_Control_HS    usbd_cdc_if.o
    0x080004ea   0x080004ea   0x00000004   Code   RO         1126    i.CDC_DeInit_HS     usbd_cdc_if.o
    0x080004ee   0x080004ee   0x00000002   PAD
    0x080004f0   0x080004f0   0x00000024   Code   RO         1127    i.CDC_Init_HS       usbd_cdc_if.o
    0x08000514   0x08000514   0x0000001c   Code   RO         1128    i.CDC_Receive_HS    usbd_cdc_if.o
    0x08000530   0x08000530   0x0000000c   Code   RO         1129    i.CDC_TransmitCplt_HS  usbd_cdc_if.o
    0x0800053c   0x0800053c   0x00000038   Code   RO         1130    i.CDC_Transmit_HS   usbd_cdc_if.o
    0x08000574   0x08000574   0x0000002c   Code   RO         1188    i.DMA1_Stream0_IRQHandler  stm32h7xx_it.o
    0x080005a0   0x080005a0   0x00000048   Code   RO          393    i.DMA_ADC_TIM_Disable  dma_adc_tim.o
    0x080005e8   0x080005e8   0x00000098   Code   RO          394    i.DMA_ADC_TIM_Enable  dma_adc_tim.o
    0x08000680   0x08000680   0x000000ec   Code   RO          395    i.DMA_ADC_TIM_Init  dma_adc_tim.o
    0x0800076c   0x0800076c   0x00000002   Code   RO         1189    i.DebugMon_Handler  stm32h7xx_it.o
    0x0800076e   0x0800076e   0x00000002   PAD
    0x08000770   0x08000770   0x00000048   Code   RO         1190    i.EXTI15_10_IRQHandler  stm32h7xx_it.o
    0x080007b8   0x080007b8   0x00000006   Code   RO          483    i.Error_Handler     main.o
    0x080007be   0x080007be   0x0000002e   Code   RO          451    i.Exti_Key_Timer_Init  exti_key.o
    0x080007ec   0x080007ec   0x00000034   Code   RO         1034    i.Get_SerialNum     usbd_desc.o
    0x08000820   0x08000820   0x00000028   Code   RO         4118    i.HAL_Delay         stm32h7xx_hal.o
    0x08000848   0x08000848   0x000003b8   Code   RO         3111    i.HAL_GPIO_Init     stm32h7xx_hal_gpio.o
    0x08000c00   0x08000c00   0x0000000c   Code   RO         4130    i.HAL_GetTick       stm32h7xx_hal.o
    0x08000c0c   0x08000c0c   0x00000018   Code   RO         4136    i.HAL_IncTick       stm32h7xx_hal.o
    0x08000c24   0x08000c24   0x00000060   Code   RO         4137    i.HAL_Init          stm32h7xx_hal.o
    0x08000c84   0x08000c84   0x00000058   Code   RO         4138    i.HAL_InitTick      stm32h7xx_hal.o
    0x08000cdc   0x08000cdc   0x0000002c   Code   RO         1304    i.HAL_MspInit       stm32h7xx_hal_msp.o
    0x08000d08   0x08000d08   0x00000074   Code   RO         3971    i.HAL_NVIC_EnableIRQ  stm32h7xx_hal_cortex.o
    0x08000d7c   0x08000d7c   0x000000d4   Code   RO         3977    i.HAL_NVIC_SetPriority  stm32h7xx_hal_cortex.o
    0x08000e50   0x08000e50   0x00000088   Code   RO         3978    i.HAL_NVIC_SetPriorityGrouping  stm32h7xx_hal_cortex.o
    0x08000ed8   0x08000ed8   0x00000028   Code   RO         1759    i.HAL_PCDEx_ActivateLPM  stm32h7xx_hal_pcd_ex.o
    0x08000f00   0x08000f00   0x00000002   Code   RO         1764    i.HAL_PCDEx_LPM_Callback  stm32h7xx_hal_pcd_ex.o
    0x08000f02   0x08000f02   0x0000000a   Code   RO         1765    i.HAL_PCDEx_SetRxFiFo  stm32h7xx_hal_pcd_ex.o
    0x08000f0c   0x08000f0c   0x0000004e   Code   RO         1766    i.HAL_PCDEx_SetTxFiFo  stm32h7xx_hal_pcd_ex.o
    0x08000f5a   0x08000f5a   0x0000000e   Code   RO          815    i.HAL_PCD_ConnectCallback  usbd_conf.o
    0x08000f68   0x08000f68   0x00000020   Code   RO          816    i.HAL_PCD_DataInStageCallback  usbd_conf.o
    0x08000f88   0x08000f88   0x00000020   Code   RO          817    i.HAL_PCD_DataOutStageCallback  usbd_conf.o
    0x08000fa8   0x08000fa8   0x0000000e   Code   RO          818    i.HAL_PCD_DisconnectCallback  usbd_conf.o
    0x08000fb6   0x08000fb6   0x00000042   Code   RO         1530    i.HAL_PCD_EP_Abort  stm32h7xx_hal_pcd.o
    0x08000ff8   0x08000ff8   0x0000006a   Code   RO         1531    i.HAL_PCD_EP_Close  stm32h7xx_hal_pcd.o
    0x08001062   0x08001062   0x0000007c   Code   RO         1532    i.HAL_PCD_EP_ClrStall  stm32h7xx_hal_pcd.o
    0x080010de   0x080010de   0x00000016   Code   RO         1534    i.HAL_PCD_EP_GetRxCount  stm32h7xx_hal_pcd.o
    0x080010f4   0x080010f4   0x0000008c   Code   RO         1535    i.HAL_PCD_EP_Open   stm32h7xx_hal_pcd.o
    0x08001180   0x08001180   0x00000046   Code   RO         1536    i.HAL_PCD_EP_Receive  stm32h7xx_hal_pcd.o
    0x080011c6   0x080011c6   0x0000008a   Code   RO         1537    i.HAL_PCD_EP_SetStall  stm32h7xx_hal_pcd.o
    0x08001250   0x08001250   0x00000048   Code   RO         1538    i.HAL_PCD_EP_Transmit  stm32h7xx_hal_pcd.o
    0x08001298   0x08001298   0x0000070e   Code   RO         1540    i.HAL_PCD_IRQHandler  stm32h7xx_hal_pcd.o
    0x080019a6   0x080019a6   0x00000012   Code   RO          819    i.HAL_PCD_ISOINIncompleteCallback  usbd_conf.o
    0x080019b8   0x080019b8   0x00000012   Code   RO          820    i.HAL_PCD_ISOOUTIncompleteCallback  usbd_conf.o
    0x080019ca   0x080019ca   0x00000002   PAD
    0x080019cc   0x080019cc   0x000001cc   Code   RO         1543    i.HAL_PCD_Init      stm32h7xx_hal_pcd.o
    0x08001b98   0x08001b98   0x0000014c   Code   RO          822    i.HAL_PCD_MspInit   usbd_conf.o
    0x08001ce4   0x08001ce4   0x00000030   Code   RO          823    i.HAL_PCD_ResetCallback  usbd_conf.o
    0x08001d14   0x08001d14   0x0000000e   Code   RO          824    i.HAL_PCD_ResumeCallback  usbd_conf.o
    0x08001d22   0x08001d22   0x0000000e   Code   RO          825    i.HAL_PCD_SOFCallback  usbd_conf.o
    0x08001d30   0x08001d30   0x00000036   Code   RO         1549    i.HAL_PCD_SetAddress  stm32h7xx_hal_pcd.o
    0x08001d66   0x08001d66   0x00000012   Code   RO          826    i.HAL_PCD_SetupStageCallback  usbd_conf.o
    0x08001d78   0x08001d78   0x0000004c   Code   RO         1552    i.HAL_PCD_Start     stm32h7xx_hal_pcd.o
    0x08001dc4   0x08001dc4   0x00000034   Code   RO          827    i.HAL_PCD_SuspendCallback  usbd_conf.o
    0x08001df8   0x08001df8   0x00000014   Code   RO         3729    i.HAL_PWREx_EnableUSBVoltageDetector  stm32h7xx_hal_pwr_ex.o
    0x08001e0c   0x08001e0c   0x0000004c   Code   RO         2564    i.HAL_RCC_GetHCLKFreq  stm32h7xx_hal_rcc.o
    0x08001e58   0x08001e58   0x0000022c   Code   RO         2568    i.HAL_RCC_GetSysClockFreq  stm32h7xx_hal_rcc.o
    0x08002084   0x08002084   0x00000034   Code   RO         3982    i.HAL_SYSTICK_Config  stm32h7xx_hal_cortex.o
    0x080020b8   0x080020b8   0x00000004   Code   RO         1191    i.HardFault_Handler  stm32h7xx_it.o
    0x080020bc   0x080020bc   0x0000003e   Code   RO         1035    i.IntToUnicode      usbd_desc.o
    0x080020fa   0x080020fa   0x00000002   PAD
    0x080020fc   0x080020fc   0x00000218   Code   RO         5022    i.LL_ADC_CommonInit  stm32h7xx_ll_adc.o
    0x08002314   0x08002314   0x00000160   Code   RO         5028    i.LL_ADC_Init       stm32h7xx_ll_adc.o
    0x08002474   0x08002474   0x0000000a   Code   RO         5029    i.LL_ADC_IsEnabled  stm32h7xx_ll_adc.o
    0x0800247e   0x0800247e   0x00000002   PAD
    0x08002480   0x08002480   0x000002a8   Code   RO         5030    i.LL_ADC_REG_Init   stm32h7xx_ll_adc.o
    0x08002728   0x08002728   0x0000001c   Code   RO          578    i.LL_AHB4_GRP1_EnableClock  gpio.o
    0x08002744   0x08002744   0x00000014   Code   RO         1368    i.LL_EXTI_DisableEvent_0_31  stm32h7xx_ll_exti.o
    0x08002758   0x08002758   0x00000014   Code   RO         1369    i.LL_EXTI_DisableEvent_32_63  stm32h7xx_ll_exti.o
    0x0800276c   0x0800276c   0x00000014   Code   RO         1370    i.LL_EXTI_DisableEvent_64_95  stm32h7xx_ll_exti.o
    0x08002780   0x08002780   0x00000014   Code   RO         1371    i.LL_EXTI_DisableIT_0_31  stm32h7xx_ll_exti.o
    0x08002794   0x08002794   0x00000014   Code   RO         1372    i.LL_EXTI_DisableIT_32_63  stm32h7xx_ll_exti.o
    0x080027a8   0x080027a8   0x00000014   Code   RO         1373    i.LL_EXTI_DisableIT_64_95  stm32h7xx_ll_exti.o
    0x080027bc   0x080027bc   0x00000010   Code   RO         1374    i.LL_EXTI_EnableFallingTrig_0_31  stm32h7xx_ll_exti.o
    0x080027cc   0x080027cc   0x00000010   Code   RO         1375    i.LL_EXTI_EnableFallingTrig_32_63  stm32h7xx_ll_exti.o
    0x080027dc   0x080027dc   0x00000010   Code   RO         1376    i.LL_EXTI_EnableFallingTrig_64_95  stm32h7xx_ll_exti.o
    0x080027ec   0x080027ec   0x00000010   Code   RO         1377    i.LL_EXTI_EnableRisingTrig_0_31  stm32h7xx_ll_exti.o
    0x080027fc   0x080027fc   0x00000010   Code   RO         1378    i.LL_EXTI_EnableRisingTrig_32_63  stm32h7xx_ll_exti.o
    0x0800280c   0x0800280c   0x00000010   Code   RO         1379    i.LL_EXTI_EnableRisingTrig_64_95  stm32h7xx_ll_exti.o
    0x0800281c   0x0800281c   0x000002fc   Code   RO         1380    i.LL_EXTI_Init      stm32h7xx_ll_exti.o
    0x08002b18   0x08002b18   0x000002a0   Code   RO         1472    i.LL_GPIO_Init      stm32h7xx_ll_gpio.o
    0x08002db8   0x08002db8   0x00000010   Code   RO         2141    i.LL_RCC_CSI_IsReady  stm32h7xx_ll_rcc.o
    0x08002dc8   0x08002dc8   0x0000005c   Code   RO         2142    i.LL_RCC_CalcPLLClockFreq  stm32h7xx_ll_rcc.o
    0x08002e24   0x08002e24   0x00000028   Code   RO         2147    i.LL_RCC_GetClockSource  stm32h7xx_ll_rcc.o
    0x08002e4c   0x08002e4c   0x00000140   Code   RO         2154    i.LL_RCC_GetPLL1ClockFreq  stm32h7xx_ll_rcc.o
    0x08002f8c   0x08002f8c   0x00000140   Code   RO         2155    i.LL_RCC_GetPLL2ClockFreq  stm32h7xx_ll_rcc.o
    0x080030cc   0x080030cc   0x00000148   Code   RO         2156    i.LL_RCC_GetPLL3ClockFreq  stm32h7xx_ll_rcc.o
    0x08003214   0x08003214   0x00000010   Code   RO         2164    i.LL_RCC_GetSysPrescaler  stm32h7xx_ll_rcc.o
    0x08003224   0x08003224   0x00000198   Code   RO         2166    i.LL_RCC_GetUSARTClockFreq  stm32h7xx_ll_rcc.o
    0x080033bc   0x080033bc   0x00000010   Code   RO         2168    i.LL_RCC_HSE_IsReady  stm32h7xx_ll_rcc.o
    0x080033cc   0x080033cc   0x00000010   Code   RO         2170    i.LL_RCC_HSI_GetDivider  stm32h7xx_ll_rcc.o
    0x080033dc   0x080033dc   0x00000010   Code   RO         2171    i.LL_RCC_HSI_IsReady  stm32h7xx_ll_rcc.o
    0x080033ec   0x080033ec   0x00000010   Code   RO         2172    i.LL_RCC_LSE_IsReady  stm32h7xx_ll_rcc.o
    0x080033fc   0x080033fc   0x00000010   Code   RO         2175    i.LL_RCC_PLL2_IsReady  stm32h7xx_ll_rcc.o
    0x0800340c   0x0800340c   0x00000010   Code   RO         2176    i.LL_RCC_PLL3_IsReady  stm32h7xx_ll_rcc.o
    0x0800341c   0x0800341c   0x00000014   Code   RO          484    i.LL_RCC_SetAHBPrescaler  main.o
    0x08003430   0x08003430   0x0000000c   Code   RO         2419    i.LL_SetSystemCoreClock  stm32h7xx_ll_utils.o
    0x0800343c   0x0800343c   0x0000000a   Code   RO          396    i.LL_TIM_DisableCounter  dma_adc_tim.o
    0x08003446   0x08003446   0x0000000a   Code   RO          690    i.LL_TIM_DisableMasterSlaveMode  tim.o
    0x08003450   0x08003450   0x000001d0   Code   RO         5232    i.LL_TIM_Init       stm32h7xx_ll_tim.o
    0x08003620   0x08003620   0x00000010   Code   RO          691    i.LL_TIM_SetClockSource  tim.o
    0x08003630   0x08003630   0x0000000c   Code   RO          692    i.LL_TIM_SetTriggerOutput  tim.o
    0x0800363c   0x0800363c   0x000002e0   Code   RO         5401    i.LL_USART_Init     stm32h7xx_ll_usart.o
    0x0800391c   0x0800391c   0x0000000a   Code   RO         5402    i.LL_USART_IsEnabled  stm32h7xx_ll_usart.o
    0x08003926   0x08003926   0x00000002   PAD
    0x08003928   0x08003928   0x00000060   Code   RO         5403    i.LL_USART_SetBaudRate  stm32h7xx_ll_usart.o
    0x08003988   0x08003988   0x0000002c   Code   RO         2420    i.LL_mDelay         stm32h7xx_ll_utils.o
    0x080039b4   0x080039b4   0x000002d8   Code   RO          622    i.MX_ADC1_Init      adc.o
    0x08003c8c   0x08003c8c   0x000000d8   Code   RO          661    i.MX_DMA_Init       dma.o
    0x08003d64   0x08003d64   0x000001a8   Code   RO          579    i.MX_GPIO_Init      gpio.o
    0x08003f0c   0x08003f0c   0x00000088   Code   RO          693    i.MX_TIM1_Init      tim.o
    0x08003f94   0x08003f94   0x00000130   Code   RO          694    i.MX_TIM2_Init      tim.o
    0x080040c4   0x080040c4   0x00000224   Code   RO          743    i.MX_USART1_UART_Init  usart.o
    0x080042e8   0x080042e8   0x00000050   Code   RO          779    i.MX_USB_DEVICE_Init  usb_device.o
    0x08004338   0x08004338   0x00000004   Code   RO         1192    i.MemManage_Handler  stm32h7xx_it.o
    0x0800433c   0x0800433c   0x00000004   Code   RO         1193    i.NMI_Handler       stm32h7xx_it.o
    0x08004340   0x08004340   0x00000010   Code   RO         1194    i.OTG_HS_IRQHandler  stm32h7xx_it.o
    0x08004350   0x08004350   0x00000064   Code   RO         1555    i.PCD_EP_OutSetupPacket_int  stm32h7xx_hal_pcd.o
    0x080043b4   0x080043b4   0x00000144   Code   RO         1556    i.PCD_EP_OutXfrComplete_int  stm32h7xx_hal_pcd.o
    0x080044f8   0x080044f8   0x000000b6   Code   RO         1557    i.PCD_WriteEmptyTxFifo  stm32h7xx_hal_pcd.o
    0x080045ae   0x080045ae   0x00000002   Code   RO         1195    i.PendSV_Handler    stm32h7xx_it.o
    0x080045b0   0x080045b0   0x000001a4   Code   RO          485    i.PeriphCommonClock_Config  main.o
    0x08004754   0x08004754   0x00000024   Code   RO         2177    i.RCC_GetHCLKClockFreq  stm32h7xx_ll_rcc.o
    0x08004778   0x08004778   0x00000024   Code   RO         2178    i.RCC_GetPCLK1ClockFreq  stm32h7xx_ll_rcc.o
    0x0800479c   0x0800479c   0x00000024   Code   RO         2179    i.RCC_GetPCLK2ClockFreq  stm32h7xx_ll_rcc.o
    0x080047c0   0x080047c0   0x00000058   Code   RO         2182    i.RCC_GetSystemClockFreq  stm32h7xx_ll_rcc.o
    0x08004818   0x08004818   0x00000002   Code   RO         1196    i.SVC_Handler       stm32h7xx_it.o
    0x0800481a   0x0800481a   0x00000012   Code   RO         5645    i.SWAPBYTE          usbd_ctlreq.o
    0x0800482c   0x0800482c   0x00000008   Code   RO         1197    i.SysTick_Handler   stm32h7xx_it.o
    0x08004834   0x08004834   0x00000228   Code   RO          486    i.SystemClock_Config  main.o
    0x08004a5c   0x08004a5c   0x000000fc   Code   RO         1331    i.SystemInit        system_stm32h7xx.o
    0x08004b58   0x08004b58   0x00000038   Code   RO         1198    i.TIM2_IRQHandler   stm32h7xx_it.o
    0x08004b90   0x08004b90   0x00000040   Code   RO         1199    i.USART1_IRQHandler  stm32h7xx_it.o
    0x08004bd0   0x08004bd0   0x000000c4   Code   RO         5820    i.USBD_CDC_DataIn   usbd_cdc.o
    0x08004c94   0x08004c94   0x00000048   Code   RO         5821    i.USBD_CDC_DataOut  usbd_cdc.o
    0x08004cdc   0x08004cdc   0x000000d4   Code   RO         5822    i.USBD_CDC_DeInit   usbd_cdc.o
    0x08004db0   0x08004db0   0x00000050   Code   RO         5823    i.USBD_CDC_EP0_RxReady  usbd_cdc.o
    0x08004e00   0x08004e00   0x00000010   Code   RO         5824    i.USBD_CDC_GetDeviceQualifierDescriptor  usbd_cdc.o
    0x08004e10   0x08004e10   0x00000044   Code   RO         5825    i.USBD_CDC_GetFSCfgDesc  usbd_cdc.o
    0x08004e54   0x08004e54   0x00000048   Code   RO         5826    i.USBD_CDC_GetHSCfgDesc  usbd_cdc.o
    0x08004e9c   0x08004e9c   0x00000044   Code   RO         5827    i.USBD_CDC_GetOtherSpeedCfgDesc  usbd_cdc.o
    0x08004ee0   0x08004ee0   0x000001a0   Code   RO         5828    i.USBD_CDC_Init     usbd_cdc.o
    0x08005080   0x08005080   0x00000050   Code   RO         5829    i.USBD_CDC_ReceivePacket  usbd_cdc.o
    0x080050d0   0x080050d0   0x00000018   Code   RO         5830    i.USBD_CDC_RegisterInterface  usbd_cdc.o
    0x080050e8   0x080050e8   0x0000001e   Code   RO         5831    i.USBD_CDC_SetRxBuffer  usbd_cdc.o
    0x08005106   0x08005106   0x00000024   Code   RO         5832    i.USBD_CDC_SetTxBuffer  usbd_cdc.o
    0x0800512a   0x0800512a   0x00000140   Code   RO         5833    i.USBD_CDC_Setup    usbd_cdc.o
    0x0800526a   0x0800526a   0x00000002   PAD
    0x0800526c   0x0800526c   0x0000005c   Code   RO         5834    i.USBD_CDC_TransmitPacket  usbd_cdc.o
    0x080052c8   0x080052c8   0x0000001c   Code   RO         5477    i.USBD_ClrClassConfig  usbd_core.o
    0x080052e4   0x080052e4   0x0000003e   Code   RO         5646    i.USBD_ClrFeature   usbd_ctlreq.o
    0x08005322   0x08005322   0x00000006   Code   RO         5478    i.USBD_CoreFindEP   usbd_core.o
    0x08005328   0x08005328   0x00000006   Code   RO         5479    i.USBD_CoreFindIF   usbd_core.o
    0x0800532e   0x0800532e   0x00000018   Code   RO         5754    i.USBD_CtlContinueRx  usbd_ioreq.o
    0x08005346   0x08005346   0x00000018   Code   RO         5755    i.USBD_CtlContinueSendData  usbd_ioreq.o
    0x0800535e   0x0800535e   0x00000018   Code   RO         5647    i.USBD_CtlError     usbd_ctlreq.o
    0x08005376   0x08005376   0x00000028   Code   RO         5756    i.USBD_CtlPrepareRx  usbd_ioreq.o
    0x0800539e   0x0800539e   0x0000001a   Code   RO         5757    i.USBD_CtlReceiveStatus  usbd_ioreq.o
    0x080053b8   0x080053b8   0x00000022   Code   RO         5758    i.USBD_CtlSendData  usbd_ioreq.o
    0x080053da   0x080053da   0x0000001a   Code   RO         5759    i.USBD_CtlSendStatus  usbd_ioreq.o
    0x080053f4   0x080053f4   0x00000056   Code   RO         5648    i.USBD_GetConfig    usbd_ctlreq.o
    0x0800544a   0x0800544a   0x000001fc   Code   RO         5649    i.USBD_GetDescriptor  usbd_ctlreq.o
    0x08005646   0x08005646   0x00000050   Code   RO         5481    i.USBD_GetEpDesc    usbd_core.o
    0x08005696   0x08005696   0x00000016   Code   RO         5650    i.USBD_GetLen       usbd_ctlreq.o
    0x080056ac   0x080056ac   0x00000014   Code   RO         5482    i.USBD_GetNextDesc  usbd_core.o
    0x080056c0   0x080056c0   0x0000005a   Code   RO         5651    i.USBD_GetStatus    usbd_ctlreq.o
    0x0800571a   0x0800571a   0x00000054   Code   RO         5652    i.USBD_GetString    usbd_ctlreq.o
    0x0800576e   0x0800576e   0x0000002c   Code   RO          828    i.USBD_Get_USB_Status  usbd_conf.o
    0x0800579a   0x0800579a   0x00000002   PAD
    0x0800579c   0x0800579c   0x00000034   Code   RO         1036    i.USBD_HS_ConfigStrDescriptor  usbd_desc.o
    0x080057d0   0x080057d0   0x00000010   Code   RO         1037    i.USBD_HS_DeviceDescriptor  usbd_desc.o
    0x080057e0   0x080057e0   0x00000038   Code   RO         1038    i.USBD_HS_InterfaceStrDescriptor  usbd_desc.o
    0x08005818   0x08005818   0x00000010   Code   RO         1039    i.USBD_HS_LangIDStrDescriptor  usbd_desc.o
    0x08005828   0x08005828   0x0000002c   Code   RO         1040    i.USBD_HS_ManufacturerStrDescriptor  usbd_desc.o
    0x08005854   0x08005854   0x00000040   Code   RO         1041    i.USBD_HS_ProductStrDescriptor  usbd_desc.o
    0x08005894   0x08005894   0x00000018   Code   RO         1042    i.USBD_HS_SerialStrDescriptor  usbd_desc.o
    0x080058ac   0x080058ac   0x0000003a   Code   RO         5483    i.USBD_Init         usbd_core.o
    0x080058e6   0x080058e6   0x00000026   Code   RO          829    i.USBD_LL_ClearStallEP  usbd_conf.o
    0x0800590c   0x0800590c   0x00000026   Code   RO          830    i.USBD_LL_CloseEP   usbd_conf.o
    0x08005932   0x08005932   0x00000108   Code   RO         5484    i.USBD_LL_DataInStage  usbd_core.o
    0x08005a3a   0x08005a3a   0x00000102   Code   RO         5485    i.USBD_LL_DataOutStage  usbd_core.o
    0x08005b3c   0x08005b3c   0x00000006   Code   RO         5486    i.USBD_LL_DevConnected  usbd_core.o
    0x08005b42   0x08005b42   0x00000026   Code   RO         5487    i.USBD_LL_DevDisconnected  usbd_core.o
    0x08005b68   0x08005b68   0x00000012   Code   RO          834    i.USBD_LL_GetRxDataSize  usbd_conf.o
    0x08005b7a   0x08005b7a   0x00000002   PAD
    0x08005b7c   0x08005b7c   0x00000070   Code   RO          835    i.USBD_LL_Init      usbd_conf.o
    0x08005bec   0x08005bec   0x00000038   Code   RO          836    i.USBD_LL_IsStallEP  usbd_conf.o
    0x08005c24   0x08005c24   0x00000048   Code   RO         5488    i.USBD_LL_IsoINIncomplete  usbd_core.o
    0x08005c6c   0x08005c6c   0x00000048   Code   RO         5489    i.USBD_LL_IsoOUTIncomplete  usbd_core.o
    0x08005cb4   0x08005cb4   0x00000030   Code   RO          837    i.USBD_LL_OpenEP    usbd_conf.o
    0x08005ce4   0x08005ce4   0x00000030   Code   RO          838    i.USBD_LL_PrepareReceive  usbd_conf.o
    0x08005d14   0x08005d14   0x0000006c   Code   RO         5490    i.USBD_LL_Reset     usbd_core.o
    0x08005d80   0x08005d80   0x00000016   Code   RO         5491    i.USBD_LL_Resume    usbd_core.o
    0x08005d96   0x08005d96   0x00000028   Code   RO         5492    i.USBD_LL_SOF       usbd_core.o
    0x08005dbe   0x08005dbe   0x00000008   Code   RO         5493    i.USBD_LL_SetSpeed  usbd_core.o
    0x08005dc6   0x08005dc6   0x00000026   Code   RO          839    i.USBD_LL_SetUSBAddress  usbd_conf.o
    0x08005dec   0x08005dec   0x00000076   Code   RO         5494    i.USBD_LL_SetupStage  usbd_core.o
    0x08005e62   0x08005e62   0x00000026   Code   RO          840    i.USBD_LL_StallEP   usbd_conf.o
    0x08005e88   0x08005e88   0x0000001e   Code   RO          841    i.USBD_LL_Start     usbd_conf.o
    0x08005ea6   0x08005ea6   0x0000001c   Code   RO         5495    i.USBD_LL_Suspend   usbd_core.o
    0x08005ec2   0x08005ec2   0x00000030   Code   RO          843    i.USBD_LL_Transmit  usbd_conf.o
    0x08005ef2   0x08005ef2   0x00000036   Code   RO         5653    i.USBD_ParseSetupRequest  usbd_ctlreq.o
    0x08005f28   0x08005f28   0x00000048   Code   RO         5496    i.USBD_RegisterClass  usbd_core.o
    0x08005f70   0x08005f70   0x00000006   Code   RO         5497    i.USBD_RunTestMode  usbd_core.o
    0x08005f76   0x08005f76   0x0000005a   Code   RO         5654    i.USBD_SetAddress   usbd_ctlreq.o
    0x08005fd0   0x08005fd0   0x00000020   Code   RO         5498    i.USBD_SetClassConfig  usbd_core.o
    0x08005ff0   0x08005ff0   0x00000104   Code   RO         5655    i.USBD_SetConfig    usbd_ctlreq.o
    0x080060f4   0x080060f4   0x00000038   Code   RO         5656    i.USBD_SetFeature   usbd_ctlreq.o
    0x0800612c   0x0800612c   0x0000000c   Code   RO         5499    i.USBD_Start        usbd_core.o
    0x08006138   0x08006138   0x000000ae   Code   RO         5657    i.USBD_StdDevReq    usbd_ctlreq.o
    0x080061e6   0x080061e6   0x00000280   Code   RO         5658    i.USBD_StdEPReq     usbd_ctlreq.o
    0x08006466   0x08006466   0x000000ae   Code   RO         5659    i.USBD_StdItfReq    usbd_ctlreq.o
    0x08006514   0x08006514   0x00000002   Code   RO          844    i.USBD_static_free  usbd_conf.o
    0x08006516   0x08006516   0x00000002   PAD
    0x08006518   0x08006518   0x0000000c   Code   RO          845    i.USBD_static_malloc  usbd_conf.o
    0x08006524   0x08006524   0x000000d0   Code   RO         1831    i.USB_ActivateEndpoint  stm32h7xx_ll_usb.o
    0x080065f4   0x080065f4   0x00000028   Code   RO         1833    i.USB_ActivateSetup  stm32h7xx_ll_usb.o
    0x0800661c   0x0800661c   0x00000098   Code   RO         1835    i.USB_CoreInit      stm32h7xx_ll_usb.o
    0x080066b4   0x080066b4   0x00000058   Code   RO         1836    i.USB_CoreReset     stm32h7xx_ll_usb.o
    0x0800670c   0x0800670c   0x0000014c   Code   RO         1839    i.USB_DeactivateEndpoint  stm32h7xx_ll_usb.o
    0x08006858   0x08006858   0x00000024   Code   RO         1840    i.USB_DevConnect    stm32h7xx_ll_usb.o
    0x0800687c   0x0800687c   0x00000024   Code   RO         1841    i.USB_DevDisconnect  stm32h7xx_ll_usb.o
    0x080068a0   0x080068a0   0x000001d8   Code   RO         1842    i.USB_DevInit       stm32h7xx_ll_usb.o
    0x08006a78   0x08006a78   0x0000000e   Code   RO         1843    i.USB_DisableGlobalInt  stm32h7xx_ll_usb.o
    0x08006a86   0x08006a86   0x00000002   PAD
    0x08006a88   0x08006a88   0x00000070   Code   RO         1846    i.USB_EP0_OutStart  stm32h7xx_ll_usb.o
    0x08006af8   0x08006af8   0x0000008e   Code   RO         1847    i.USB_EPClearStall  stm32h7xx_ll_usb.o
    0x08006b86   0x08006b86   0x0000009a   Code   RO         1848    i.USB_EPSetStall    stm32h7xx_ll_usb.o
    0x08006c20   0x08006c20   0x000003b4   Code   RO         1849    i.USB_EPStartXfer   stm32h7xx_ll_usb.o
    0x08006fd4   0x08006fd4   0x000000ec   Code   RO         1850    i.USB_EPStopXfer    stm32h7xx_ll_usb.o
    0x080070c0   0x080070c0   0x0000000e   Code   RO         1851    i.USB_EnableGlobalInt  stm32h7xx_ll_usb.o
    0x080070ce   0x080070ce   0x00000002   PAD
    0x080070d0   0x080070d0   0x00000054   Code   RO         1852    i.USB_FlushRxFifo   stm32h7xx_ll_usb.o
    0x08007124   0x08007124   0x00000058   Code   RO         1853    i.USB_FlushTxFifo   stm32h7xx_ll_usb.o
    0x0800717c   0x0800717c   0x00000026   Code   RO         1855    i.USB_GetDevSpeed   stm32h7xx_ll_usb.o
    0x080071a2   0x080071a2   0x0000000a   Code   RO         1857    i.USB_GetMode       stm32h7xx_ll_usb.o
    0x080071ac   0x080071ac   0x00000014   Code   RO         1865    i.USB_ReadDevAllInEpInterrupt  stm32h7xx_ll_usb.o
    0x080071c0   0x080071c0   0x00000014   Code   RO         1866    i.USB_ReadDevAllOutEpInterrupt  stm32h7xx_ll_usb.o
    0x080071d4   0x080071d4   0x00000032   Code   RO         1867    i.USB_ReadDevInEPInterrupt  stm32h7xx_ll_usb.o
    0x08007206   0x08007206   0x0000001a   Code   RO         1868    i.USB_ReadDevOutEPInterrupt  stm32h7xx_ll_usb.o
    0x08007220   0x08007220   0x0000000a   Code   RO         1869    i.USB_ReadInterrupts  stm32h7xx_ll_usb.o
    0x0800722a   0x0800722a   0x00000060   Code   RO         1870    i.USB_ReadPacket    stm32h7xx_ll_usb.o
    0x0800728a   0x0800728a   0x00000068   Code   RO         1872    i.USB_SetCurrentMode  stm32h7xx_ll_usb.o
    0x080072f2   0x080072f2   0x0000002a   Code   RO         1873    i.USB_SetDevAddress  stm32h7xx_ll_usb.o
    0x0800731c   0x0800731c   0x00000012   Code   RO         1874    i.USB_SetDevSpeed   stm32h7xx_ll_usb.o
    0x0800732e   0x0800732e   0x00000002   PAD
    0x08007330   0x08007330   0x000000e8   Code   RO         1875    i.USB_SetTurnaroundTime  stm32h7xx_ll_usb.o
    0x08007418   0x08007418   0x00000044   Code   RO         1878    i.USB_WritePacket   stm32h7xx_ll_usb.o
    0x0800745c   0x0800745c   0x00000004   Code   RO         1200    i.UsageFault_Handler  stm32h7xx_it.o
    0x08007460   0x08007460   0x00000010   Code   RO         3984    i.__NVIC_GetPriorityGrouping  stm32h7xx_hal_cortex.o
    0x08007470   0x08007470   0x00000028   Code   RO         3985    i.__NVIC_SetPriority  stm32h7xx_hal_cortex.o
    0x08007498   0x08007498   0x00000002   Code   RO          487    i.assert_failed     main.o
    0x0800749a   0x0800749a   0x00000002   PAD
    0x0800749c   0x0800749c   0x000000f8   Code   RO          488    i.main              main.o
    0x08007594   0x08007594   0x00000076   Code   RO          296    i.usb_sendHalfwords  usb.o
    0x0800760a   0x0800760a   0x0000000a   Code   RO         6194    x$fpl$fpinit        fz_wv.l(fpinit.o)
    0x08007614   0x08007614   0x00000068   Data   RO          398    .constdata          dma_adc_tim.o
    0x0800767c   0x0800767c   0x00000068   Data   RO          623    .constdata          adc.o
    0x080076e4   0x080076e4   0x00000010   Data   RO         1332    .constdata          system_stm32h7xx.o
    0x080076f4   0x080076f4   0x00000010   Data   RO         2183    .constdata          stm32h7xx_ll_rcc.o
    0x08007704   0x08007704   0x00000030   Data   RO         5405    .constdata          stm32h7xx_ll_usart.o
    0x08007734   0x08007734   0x00000020   Data   RO         6264    Region$$Table       anon$$obj.o


    Execution Region RW_IRAM1 (Exec base: 0x20000000, Load base: 0x08007754, Size: 0x00000000, Max: 0x00020000, ABSOLUTE)

    **** No section assigned to this execution region ****


    Execution Region RW_IRAM2 (Exec base: 0x24000000, Load base: 0x08007754, Size: 0x00002a48, Max: 0x00080000, ABSOLUTE)

    Exec Addr    Load Addr    Size         Type   Attr      Idx    E Section Name        Object

    0x24000000   0x08007754   0x0000000c   Data   RW          218    .data               usart1.o
    0x2400000c   0x08007760   0x00000002   Data   RW          399    .data               dma_adc_tim.o
    0x2400000e   0x08007762   0x00000002   PAD
    0x24000010   0x08007764   0x0000004e   Data   RW         1045    .data               usbd_desc.o
    0x2400005e   0x080077b2   0x00000002   PAD
    0x24000060   0x080077b4   0x00000014   Data   RW         1133    .data               usbd_cdc_if.o
    0x24000074   0x080077c8   0x00000008   Data   RW         1333    .data               system_stm32h7xx.o
    0x2400007c   0x080077d0   0x00000009   Data   RW         4159    .data               stm32h7xx_hal.o
    0x24000085   0x080077d9   0x00000001   Data   RW         5661    .data               usbd_ctlreq.o
    0x24000086   0x080077da   0x00000002   PAD
    0x24000088   0x080077dc   0x0000008a   Data   RW         5836    .data               usbd_cdc.o
    0x24000112   0x08007866   0x00000002   PAD
    0x24000114        -       0x000000c8   Zero   RW          216    .bss                usart1.o
    0x240001dc        -       0x00000400   Zero   RW          397    .bss                dma_adc_tim.o
    0x240005dc        -       0x000002dc   Zero   RW          780    .bss                usb_device.o
    0x240008b8        -       0x0000072c   Zero   RW          846    .bss                usbd_conf.o
    0x24000fe4        -       0x00000200   Zero   RW         1043    .bss                usbd_desc.o
    0x240011e4        -       0x00001000   Zero   RW         1131    .bss                usbd_cdc_if.o
    0x240021e4        -       0x00000060   Zero   RW         6131    .bss                c_w.l(libspace.o)
    0x24002244   0x08007866   0x00000004   PAD
    0x24002248        -       0x00000400   Zero   RW            2    HEAP                startup_stm32h750xx.o
    0x24002648        -       0x00000400   Zero   RW            1    STACK               startup_stm32h750xx.o


==============================================================================

Image component sizes


      Code (inc. data)   RO Data    RW Data    ZI Data      Debug   Object Name

       728         54        104          0          0     135223   adc.o
       216         14          0          0          0      11066   dma.o
       470         72        104          2       1024     117566   dma_adc_tim.o
        46          0          0          0          0      35994   exti_key.o
       452         24          0          0          0      64646   gpio.o
         0          0          0          0          0    1103551   led.o
      1248         48          0          0          0     106674   main.o
        64         26        664          0       2048        844   startup_stm32h750xx.o
       260         48          0          9          0      22849   stm32h7xx_hal.o
       572        206          0          0          0      40163   stm32h7xx_hal_cortex.o
       952        118          0          0          0       1820   stm32h7xx_hal_gpio.o
        44          6          0          0          0        910   stm32h7xx_hal_msp.o
      3740         80          0          0          0      13948   stm32h7xx_hal_pcd.o
       130          4          0          0          0       3205   stm32h7xx_hal_pcd_ex.o
        20          6          0          0          0        569   stm32h7xx_hal_pwr_ex.o
       632         48          0          0          0       1636   stm32h7xx_hal_rcc.o
       286         44          0          0          0      66973   stm32h7xx_it.o
      1578        224          0          0          0      75228   stm32h7xx_ll_adc.o
       980         90          0          0          0      16831   stm32h7xx_ll_exti.o
       672        102          0          0          0       7787   stm32h7xx_ll_gpio.o
      1832        242         16          0          0      58687   stm32h7xx_ll_rcc.o
       464        110          0          0          0      43002   stm32h7xx_ll_tim.o
       842        116         48          0          0      28624   stm32h7xx_ll_usart.o
      3890        100          0          0          0      22876   stm32h7xx_ll_usb.o
        56          6          0          0          0       8208   stm32h7xx_ll_utils.o
       252         40         16          8          0       1402   system_stm32h7xx.o
       478         30          0          0          0      48846   tim.o
       548         26          0          0          0      78854   usart.o
         0          0          0         12        200      28127   usart1.o
       118          0          0          0          0       9559   usb.o
        80         16          0          0        732        948   usb_device.o
      1782         54          0        138          0      14569   usbd_cdc.o
       204         22          0         20       4096       4400   usbd_cdc_if.o
      1176         46          0          0       1836      69148   usbd_conf.o
      1354          0          0          0          0      16625   usbd_core.o
      2342         30          0          1          0      18000   usbd_ctlreq.o
       386        122          0         78        512       6901   usbd_desc.o
       174          0          0          0          0       4828   usbd_ioreq.o

    ----------------------------------------------------------------------
     29096       2174        984        276      10448    2291087   Object Totals
         0          0         32          0          0          0   (incl. Generated)
        28          0          0          8          0          0   (incl. Padding)

    ----------------------------------------------------------------------

      Code (inc. data)   RO Data    RW Data    ZI Data      Debug   Library Member Name

         8          0          0          0          0         68   __main.o
         0          0          0          0          0          0   __rtentry.o
        12          0          0          0          0          0   __rtentry2.o
         6          0          0          0          0          0   __rtentry4.o
        52          8          0          0          0          0   __scatter.o
        26          0          0          0          0          0   __scatter_copy.o
        28          0          0          0          0          0   __scatter_zi.o
        18          0          0          0          0         80   exit.o
         6          0          0          0          0        152   heapauxi.o
         0          0          0          0          0          0   indicate_semi.o
         2          0          0          0          0          0   libinit.o
         6          0          0          0          0          0   libinit2.o
         2          0          0          0          0          0   libshutdown.o
         2          0          0          0          0          0   libshutdown2.o
         8          4          0          0         96         68   libspace.o
        78          0          0          0          0         80   rt_memclr_w.o
       100          0          0          0          0         80   rt_memcpy_w.o
         2          0          0          0          0          0   rtexit.o
        10          0          0          0          0          0   rtexit2.o
        12          4          0          0          0         68   sys_exit.o
        74          0          0          0          0         80   sys_stackheap_outer.o
         2          0          0          0          0         68   use_no_semi.o
        10          0          0          0          0        116   fpinit.o

    ----------------------------------------------------------------------
       468         16          0          0        100        860   Library Totals
         4          0          0          0          4          0   (incl. Padding)

    ----------------------------------------------------------------------

      Code (inc. data)   RO Data    RW Data    ZI Data      Debug   Library Name

       454         16          0          0         96        744   c_w.l
        10          0          0          0          0        116   fz_wv.l

    ----------------------------------------------------------------------
       468         16          0          0        100        860   Library Totals

    ----------------------------------------------------------------------

==============================================================================


      Code (inc. data)   RO Data    RW Data    ZI Data      Debug   

     29564       2190        984        276      10548    2267987   Grand Totals
     29564       2190        984        276      10548    2267987   ELF Image Totals
     29564       2190        984        276          0          0   ROM Totals

==============================================================================

    Total RO  Size (Code + RO Data)                30548 (  29.83kB)
    Total RW  Size (RW Data + ZI Data)             10824 (  10.57kB)
    Total ROM Size (Code + RO Data + RW Data)      30824 (  30.10kB)

==============================================================================

